[     183ms] [INFO] %cDownload the React DevTools for a better development experience: https://react.dev/link/react-devtools font-weight:bold @ http://127.0.0.1:3000/_next/static/chunks/0g7g_next_dist_0sw6wv_._.js:2477
[     198ms] [LOG] [HMR] connected @ http://127.0.0.1:3000/_next/static/chunks/0g7g_next_dist_0sw6wv_._.js:2477
[     242ms] [ERROR] In HTML, %s cannot be a descendant of <%s>.
This will cause a hydration error.%s <p> p 

  ...
    <RenderFromTemplateContext>
      <ScrollAndMaybeFocusHandler cacheNode={{rsc:{...}, ...}}>
        <InnerScrollAndFocusHandlerOld focusAndScrollRef={{scrollRef:null, ...}} cacheNode={{rsc:{...}, ...}}>
          <ErrorBoundary errorComponent={undefined} errorStyles={undefined} errorScripts={undefined}>
            <LoadingBoundary name="en/" loading={null}>
              <HTTPAccessFallbackBoundary notFound={undefined} forbidden={undefined} unauthorized={undefined}>
                <RedirectBoundary>
                  <RedirectErrorBoundary router={{...}}>
                    <InnerLayoutRouter url="/en" tree={[...]} params={{lang:"en"}} cacheNode={{rsc:{...}, ...}} ...>
                      <SegmentViewNode type="page" pagePath="[lang]/pag...">
                        <SegmentTrieNode>
                        <DocsIndex>
                          <DocumentContent>
                            <MDXContent>
                              <div className="lw-hero">
                                <h1>
>                               <p className="lw-hero__sub">
>                                 <p>
                                ...
                              ...
                      ...
                    ...
          ...
 @ http://127.0.0.1:3000/_next/static/chunks/0g7g_next_dist_0sw6wv_._.js:3318
[     247ms] [ERROR] Encountered a script tag while rendering React component. Scripts inside React components are never executed when rendering on the client. Consider using template tag instead (https://developer.mozilla.org/en-US/docs/Web/HTML/Element/template). @ http://127.0.0.1:3000/_next/static/chunks/0g7g_next_dist_0sw6wv_._.js:3318
[     258ms] Error: Hydration failed because the server rendered HTML didn't match the client. As a result this tree will be regenerated on the client. This can happen if a SSR-ed Client Component used:

- A server/client branch `if (typeof window !== 'undefined')`.
- Variable input such as `Date.now()` or `Math.random()` which changes each time it's called.
- Date formatting in a user's locale which doesn't match the server.
- External changing data without sending a snapshot of it along with the HTML.
- Invalid HTML tag nesting.

It can also happen if the client has a browser extension installed which messes with the HTML before React loaded.

https://react.dev/link/hydration-mismatch
    at throwOnHydrationMismatch (http://127.0.0.1:3000/_next/static/chunks/0g7g_next_dist_compiled_react-dom_0spqnnm._.js:3318:56)
    at beginWork (http://127.0.0.1:3000/_next/static/chunks/0g7g_next_dist_compiled_react-dom_0spqnnm._.js:6758:918)
    at runWithFiberInDEV (http://127.0.0.1:3000/_next/static/chunks/0g7g_next_dist_compiled_react-dom_0spqnnm._.js:965:74)
    at performUnitOfWork (http://127.0.0.1:3000/_next/static/chunks/0g7g_next_dist_compiled_react-dom_0spqnnm._.js:9555:97)
    at workLoopConcurrentByScheduler (http://127.0.0.1:3000/_next/static/chunks/0g7g_next_dist_compiled_react-dom_0spqnnm._.js:9551:58)
    at renderRootConcurrent (http://127.0.0.1:3000/_next/static/chunks/0g7g_next_dist_compiled_react-dom_0spqnnm._.js:9534:71)
    at performWorkOnRoot (http://127.0.0.1:3000/_next/static/chunks/0g7g_next_dist_compiled_react-dom_0spqnnm._.js:9061:150)
    at performWorkOnRootViaSchedulerTask (http://127.0.0.1:3000/_next/static/chunks/0g7g_next_dist_compiled_react-dom_0spqnnm._.js:10255:9)
    at MessagePort.performWorkUntilDeadline (http://127.0.0.1:3000/_next/static/chunks/0g7g_next_dist_compiled_17u-b__._.js:2647:64)
[   17919ms] [LOG] [Fast Refresh] rebuilding @ http://127.0.0.1:3000/_next/static/chunks/0g7g_next_dist_0sw6wv_._.js:2477
[   17973ms] [ERROR] ./apps/docs/components/previews/badge.tsx:3:1
Module not found: Can't resolve '@lyra-ds/react'
  1 | 'use client';
  2 |
> 3 | import { Badge } from '@lyra-ds/react';
    | ^^^^^^^^^^^^^^^^^^^^^^^^^^^^^^^^^^^^^^^
  4 |
  5 | const tones = ['neutral', 'accent', 'success', 'warning', 'danger', 'info'] as const;
  6 |

Import trace:
  Server Component:
    ./apps/docs/components/previews/badge.tsx
    ./apps/docs/components/previews/index.ts
    ./apps/docs/components/component-page.tsx
    ./apps/docs/app/[lang]/components/[slug]/page.tsx

https://nextjs.org/docs/messages/module-not-found @ http://127.0.0.1:3000/_next/static/chunks/0g7g_next_dist_0sw6wv_._.js:3318
[   17974ms] [ERROR] ./apps/docs/components/previews/button.tsx:3:1
Module not found: Can't resolve '@lyra-ds/react'
  1 | 'use client';
  2 |
> 3 | import { Button, Icon } from '@lyra-ds/react';
    | ^^^^^^^^^^^^^^^^^^^^^^^^^^^^^^^^^^^^^^^^^^^^^^
  4 |
  5 | const variants = ['primary', 'secondary', 'soft', 'ghost', 'danger'] as const;
  6 |

Import trace:
  Server Component:
    ./apps/docs/components/previews/button.tsx
    ./apps/docs/components/previews/index.ts
    ./apps/docs/components/component-page.tsx
    ./apps/docs/app/[lang]/components/[slug]/page.tsx

https://nextjs.org/docs/messages/module-not-found @ http://127.0.0.1:3000/_next/static/chunks/0g7g_next_dist_0sw6wv_._.js:3318
[   17974ms] [ERROR] ./apps/docs/components/previews/dialog.tsx:3:1
Module not found: Can't resolve '@lyra-ds/react'
  1 | 'use client';
  2 |
> 3 | import { Button, Dialog } from '@lyra-ds/react';
    | ^^^^^^^^^^^^^^^^^^^^^^^^^^^^^^^^^^^^^^^^^^^^^^^^
  4 | import { useTranslations } from 'next-intl';
  5 | import { useState } from 'react';
  6 |

Import trace:
  Server Component:
    ./apps/docs/components/previews/dialog.tsx
    ./apps/docs/components/previews/index.ts
    ./apps/docs/components/component-page.tsx
    ./apps/docs/app/[lang]/components/[slug]/page.tsx

https://nextjs.org/docs/messages/module-not-found @ http://127.0.0.1:3000/_next/static/chunks/0g7g_next_dist_0sw6wv_._.js:3318
[   17974ms] [ERROR] ./apps/docs/components/previews/input.tsx:3:1
Module not found: Can't resolve '@lyra-ds/react'
  1 | 'use client';
  2 |
> 3 | import { Icon, Input } from '@lyra-ds/react';
    | ^^^^^^^^^^^^^^^^^^^^^^^^^^^^^^^^^^^^^^^^^^^^^
  4 | import { useTranslations } from 'next-intl';
  5 | import { useState } from 'react';
  6 |

Import trace:
  Server Component:
    ./apps/docs/components/previews/input.tsx
    ./apps/docs/components/previews/index.ts
    ./apps/docs/components/component-page.tsx
    ./apps/docs/app/[lang]/components/[slug]/page.tsx

https://nextjs.org/docs/messages/module-not-found @ http://127.0.0.1:3000/_next/static/chunks/0g7g_next_dist_0sw6wv_._.js:3318
[   17974ms] [ERROR] ./apps/docs/components/site-header.tsx:3:1
Module not found: Can't resolve '@lyra-ds/react'
  1 | 'use client';
  2 |
> 3 | import { Button, Icon } from '@lyra-ds/react';
    | ^^^^^^^^^^^^^^^^^^^^^^^^^^^^^^^^^^^^^^^^^^^^^^
  4 | import { useTranslations } from 'next-intl';
  5 | import Link from 'next/link';
  6 | import { usePathname, useRouter } from 'next/navigation';

Import trace:
  Server Component:
    ./apps/docs/components/site-header.tsx
    ./apps/docs/app/[lang]/layout.tsx

https://nextjs.org/docs/messages/module-not-found @ http://127.0.0.1:3000/_next/static/chunks/0g7g_next_dist_0sw6wv_._.js:3318
[   17974ms] [ERROR] ./apps/docs/components/theme-toggle.tsx:3:1
Module not found: Can't resolve '@lyra-ds/react'
  1 | 'use client';
  2 |
> 3 | import { Icon } from '@lyra-ds/react';
    | ^^^^^^^^^^^^^^^^^^^^^^^^^^^^^^^^^^^^^^
  4 | import { useEffect, useState } from 'react';
  5 |
  6 | /** Reads the theme applied by the pre-paint script, then toggles + persists it. */

Import traces:
  Client Component Browser:
    ./apps/docs/components/theme-toggle.tsx [Client Component Browser]
    ./apps/docs/components/site-header.tsx [Client Component Browser]
    ./apps/docs/components/site-header.tsx [Server Component]
    ./apps/docs/app/[lang]/layout.tsx [Server Component]

  Client Component SSR:
    ./apps/docs/components/theme-toggle.tsx [Client Component SSR]
    ./apps/docs/components/site-header.tsx [Client Component SSR]
    ./apps/docs/components/site-header.tsx [Server Component]
    ./apps/docs/app/[lang]/layout.tsx [Server Component]

https://nextjs.org/docs/messages/module-not-found @ http://127.0.0.1:3000/_next/static/chunks/0g7g_next_dist_0sw6wv_._.js:3318
[   17991ms] [ERROR] Failed to load resource: the server responded with a status of 500 (Internal Server Error) @ http://127.0.0.1:3000/en?_rsc=5JgAkRVmVCNVCrxh:0
[   18003ms] [ERROR] Failed to load resource: the server responded with a status of 500 (Internal Server Error) @ http://127.0.0.1:3000/en?_rsc=5JgAkRVmVCNVCrxh:0
[   18022ms] [ERROR] Failed to load resource: the server responded with a status of 500 (Internal Server Error) @ http://127.0.0.1:3000/en:0
[   18078ms] [INFO] %cDownload the React DevTools for a better development experience: https://react.dev/link/react-devtools font-weight:bold @ http://127.0.0.1:3000/_next/static/chunks/02ca_react-dom_0ntjfa7._.js:15305
[   18128ms] Error: ./apps/docs/components/previews/badge.tsx:3:1
Module not found: Can't resolve '@lyra-ds/react'
  1 | 'use client';
  2 |
> 3 | import { Badge } from '@lyra-ds/react';
    | ^^^^^^^^^^^^^^^^^^^^^^^^^^^^^^^^^^^^^^^
  4 |
  5 | const tones = ['neutral', 'accent', 'success', 'warning', 'danger', 'info'] as const;
  6 |



Import trace:
  Server Component:
    ./apps/docs/components/previews/badge.tsx
    ./apps/docs/components/previews/index.ts
    ./apps/docs/components/component-page.tsx
    ./apps/docs/app/[lang]/components/[slug]/page.tsx

https://nextjs.org/docs/messages/module-not-found


    at <unknown> (Error: ./apps/docs/components/previews/badge.tsx:3:1)
    at <unknown> (https://nextjs.org/docs/messages/module-not-found)
    at Object.getCompilationErrors (file:///home/franciscpd/Projects/lyra-ds/node_modules/.pnpm/next@16.2.10_@babel+core@7.29.7_react-dom@19.2.7_react@19.2.7__react@19.2.7/node_modules/next/dist/server/dev/hot-reloader-turbopack.js:1186:59)
    at DevBundlerService.getCompilationError (file:///home/franciscpd/Projects/lyra-ds/node_modules/.pnpm/next@16.2.10_@babel+core@7.29.7_react-dom@19.2.7_react@19.2.7__react@19.2.7/node_modules/next/dist/server/lib/dev-bundler-service.js:44:55)
    at DevServer.getCompilationError (file:///home/franciscpd/Projects/lyra-ds/node_modules/.pnpm/next@16.2.10_@babel+core@7.29.7_react-dom@19.2.7_react@19.2.7__react@19.2.7/node_modules/next/dist/server/dev/next-dev-server.js:720:42)
    at DevServer.findPageComponents (file:///home/franciscpd/Projects/lyra-ds/node_modules/.pnpm/next@16.2.10_@babel+core@7.29.7_react-dom@19.2.7_react@19.2.7__react@19.2.7/node_modules/next/dist/server/dev/next-dev-server.js:690:43)
    at async DevServer.renderErrorToResponseImpl (file:///home/franciscpd/Projects/lyra-ds/node_modules/.pnpm/next@16.2.10_@babel+core@7.29.7_react-dom@19.2.7_react@19.2.7__react@19.2.7/node_modules/next/dist/server/base-server.js:1753:26)
[   18129ms] [LOG] [HMR] connected @ http://127.0.0.1:3000/_next/static/chunks/0g7g_next_dist_00mhofs._.js:1226
[   18131ms] [ERROR] ./apps/docs/components/previews/badge.tsx:3:1
Module not found: Can't resolve '@lyra-ds/react'
  1 | 'use client';
  2 |
> 3 | import { Badge } from '@lyra-ds/react';
    | ^^^^^^^^^^^^^^^^^^^^^^^^^^^^^^^^^^^^^^^
  4 |
  5 | const tones = ['neutral', 'accent', 'success', 'warning', 'danger', 'info'] as const;
  6 |

Import trace:
  Server Component:
    ./apps/docs/components/previews/badge.tsx
    ./apps/docs/components/previews/index.ts
    ./apps/docs/components/component-page.tsx
    ./apps/docs/app/[lang]/components/[slug]/page.tsx

https://nextjs.org/docs/messages/module-not-found @ http://127.0.0.1:3000/_next/static/chunks/0g7g_next_dist_00mhofs._.js:1945
[   18131ms] [ERROR] ./apps/docs/components/previews/button.tsx:3:1
Module not found: Can't resolve '@lyra-ds/react'
  1 | 'use client';
  2 |
> 3 | import { Button, Icon } from '@lyra-ds/react';
    | ^^^^^^^^^^^^^^^^^^^^^^^^^^^^^^^^^^^^^^^^^^^^^^
  4 |
  5 | const variants = ['primary', 'secondary', 'soft', 'ghost', 'danger'] as const;
  6 |

Import trace:
  Server Component:
    ./apps/docs/components/previews/button.tsx
    ./apps/docs/components/previews/index.ts
    ./apps/docs/components/component-page.tsx
    ./apps/docs/app/[lang]/components/[slug]/page.tsx

https://nextjs.org/docs/messages/module-not-found @ http://127.0.0.1:3000/_next/static/chunks/0g7g_next_dist_00mhofs._.js:1945
[   18131ms] [ERROR] ./apps/docs/components/previews/dialog.tsx:3:1
Module not found: Can't resolve '@lyra-ds/react'
  1 | 'use client';
  2 |
> 3 | import { Button, Dialog } from '@lyra-ds/react';
    | ^^^^^^^^^^^^^^^^^^^^^^^^^^^^^^^^^^^^^^^^^^^^^^^^
  4 | import { useTranslations } from 'next-intl';
  5 | import { useState } from 'react';
  6 |

Import trace:
  Server Component:
    ./apps/docs/components/previews/dialog.tsx
    ./apps/docs/components/previews/index.ts
    ./apps/docs/components/component-page.tsx
    ./apps/docs/app/[lang]/components/[slug]/page.tsx

https://nextjs.org/docs/messages/module-not-found @ http://127.0.0.1:3000/_next/static/chunks/0g7g_next_dist_00mhofs._.js:1945
[   18131ms] [ERROR] ./apps/docs/components/previews/input.tsx:3:1
Module not found: Can't resolve '@lyra-ds/react'
  1 | 'use client';
  2 |
> 3 | import { Icon, Input } from '@lyra-ds/react';
    | ^^^^^^^^^^^^^^^^^^^^^^^^^^^^^^^^^^^^^^^^^^^^^
  4 | import { useTranslations } from 'next-intl';
  5 | import { useState } from 'react';
  6 |

Import trace:
  Server Component:
    ./apps/docs/components/previews/input.tsx
    ./apps/docs/components/previews/index.ts
    ./apps/docs/components/component-page.tsx
    ./apps/docs/app/[lang]/components/[slug]/page.tsx

https://nextjs.org/docs/messages/module-not-found @ http://127.0.0.1:3000/_next/static/chunks/0g7g_next_dist_00mhofs._.js:1945
[   18131ms] [ERROR] ./apps/docs/components/site-header.tsx:3:1
Module not found: Can't resolve '@lyra-ds/react'
  1 | 'use client';
  2 |
> 3 | import { Button, Icon } from '@lyra-ds/react';
    | ^^^^^^^^^^^^^^^^^^^^^^^^^^^^^^^^^^^^^^^^^^^^^^
  4 | import { useTranslations } from 'next-intl';
  5 | import Link from 'next/link';
  6 | import { usePathname, useRouter } from 'next/navigation';

Import trace:
  Server Component:
    ./apps/docs/components/site-header.tsx
    ./apps/docs/app/[lang]/layout.tsx

https://nextjs.org/docs/messages/module-not-found @ http://127.0.0.1:3000/_next/static/chunks/0g7g_next_dist_00mhofs._.js:1945
[   18131ms] [ERROR] ./apps/docs/components/theme-toggle.tsx:3:1
Module not found: Can't resolve '@lyra-ds/react'
  1 | 'use client';
  2 |
> 3 | import { Icon } from '@lyra-ds/react';
    | ^^^^^^^^^^^^^^^^^^^^^^^^^^^^^^^^^^^^^^
  4 | import { useEffect, useState } from 'react';
  5 |
  6 | /** Reads the theme applied by the pre-paint script, then toggles + persists it. */

Import traces:
  Client Component Browser:
    ./apps/docs/components/theme-toggle.tsx [Client Component Browser]
    ./apps/docs/components/site-header.tsx [Client Component Browser]
    ./apps/docs/components/site-header.tsx [Server Component]
    ./apps/docs/app/[lang]/layout.tsx [Server Component]

  Client Component SSR:
    ./apps/docs/components/theme-toggle.tsx [Client Component SSR]
    ./apps/docs/components/site-header.tsx [Client Component SSR]
    ./apps/docs/components/site-header.tsx [Server Component]
    ./apps/docs/app/[lang]/layout.tsx [Server Component]

https://nextjs.org/docs/messages/module-not-found @ http://127.0.0.1:3000/_next/static/chunks/0g7g_next_dist_00mhofs._.js:1945
[   18131ms] [ERROR] ./apps/docs/components/site-header.tsx:3:1
Module not found: Can't resolve '@lyra-ds/react'
  1 | 'use client';
  2 |
> 3 | import { Button, Icon } from '@lyra-ds/react';
    | ^^^^^^^^^^^^^^^^^^^^^^^^^^^^^^^^^^^^^^^^^^^^^^
  4 | import { useTranslations } from 'next-intl';
  5 | import Link from 'next/link';
  6 | import { usePathname, useRouter } from 'next/navigation';

Import trace:
  Server Component:
    ./apps/docs/components/site-header.tsx
    ./apps/docs/app/[lang]/layout.tsx

https://nextjs.org/docs/messages/module-not-found @ http://127.0.0.1:3000/_next/static/chunks/0g7g_next_dist_00mhofs._.js:1945
[   18131ms] [ERROR] ./apps/docs/components/theme-toggle.tsx:3:1
Module not found: Can't resolve '@lyra-ds/react'
  1 | 'use client';
  2 |
> 3 | import { Icon } from '@lyra-ds/react';
    | ^^^^^^^^^^^^^^^^^^^^^^^^^^^^^^^^^^^^^^
  4 | import { useEffect, useState } from 'react';
  5 |
  6 | /** Reads the theme applied by the pre-paint script, then toggles + persists it. */

Import traces:
  Client Component Browser:
    ./apps/docs/components/theme-toggle.tsx [Client Component Browser]
    ./apps/docs/components/site-header.tsx [Client Component Browser]
    ./apps/docs/components/site-header.tsx [Server Component]
    ./apps/docs/app/[lang]/layout.tsx [Server Component]

  Client Component SSR:
    ./apps/docs/components/theme-toggle.tsx [Client Component SSR]
    ./apps/docs/components/site-header.tsx [Client Component SSR]
    ./apps/docs/components/site-header.tsx [Server Component]
    ./apps/docs/app/[lang]/layout.tsx [Server Component]

https://nextjs.org/docs/messages/module-not-found @ http://127.0.0.1:3000/_next/static/chunks/0g7g_next_dist_00mhofs._.js:1945
[   18132ms] [ERROR] ./apps/docs/components/site-header.tsx:3:1
Module not found: Can't resolve '@lyra-ds/react'
  1 | 'use client';
  2 |
> 3 | import { Button, Icon } from '@lyra-ds/react';
    | ^^^^^^^^^^^^^^^^^^^^^^^^^^^^^^^^^^^^^^^^^^^^^^
  4 | import { useTranslations } from 'next-intl';
  5 | import Link from 'next/link';
  6 | import { usePathname, useRouter } from 'next/navigation';

Import trace:
  Server Component:
    ./apps/docs/components/site-header.tsx
    ./apps/docs/app/[lang]/layout.tsx

https://nextjs.org/docs/messages/module-not-found @ http://127.0.0.1:3000/_next/static/chunks/0g7g_next_dist_00mhofs._.js:1945
[   18132ms] [ERROR] ./apps/docs/components/theme-toggle.tsx:3:1
Module not found: Can't resolve '@lyra-ds/react'
  1 | 'use client';
  2 |
> 3 | import { Icon } from '@lyra-ds/react';
    | ^^^^^^^^^^^^^^^^^^^^^^^^^^^^^^^^^^^^^^
  4 | import { useEffect, useState } from 'react';
  5 |
  6 | /** Reads the theme applied by the pre-paint script, then toggles + persists it. */

Import traces:
  Client Component Browser:
    ./apps/docs/components/theme-toggle.tsx [Client Component Browser]
    ./apps/docs/components/site-header.tsx [Client Component Browser]
    ./apps/docs/components/site-header.tsx [Server Component]
    ./apps/docs/app/[lang]/layout.tsx [Server Component]

  Client Component SSR:
    ./apps/docs/components/theme-toggle.tsx [Client Component SSR]
    ./apps/docs/components/site-header.tsx [Client Component SSR]
    ./apps/docs/components/site-header.tsx [Server Component]
    ./apps/docs/app/[lang]/layout.tsx [Server Component]

https://nextjs.org/docs/messages/module-not-found @ http://127.0.0.1:3000/_next/static/chunks/0g7g_next_dist_00mhofs._.js:1945
[   18147ms] [ERROR] Failed to load resource: the server responded with a status of 500 (Internal Server Error) @ http://127.0.0.1:3000/favicon.ico:0
[   18173ms] [ERROR] ./apps/docs/components/previews/badge.tsx:3:1
Module not found: Can't resolve '@lyra-ds/react'
  1 | 'use client';
  2 |
> 3 | import { Badge } from '@lyra-ds/react';
    | ^^^^^^^^^^^^^^^^^^^^^^^^^^^^^^^^^^^^^^^
  4 |
  5 | const tones = ['neutral', 'accent', 'success', 'warning', 'danger', 'info'] as const;
  6 |

Import trace:
  Server Component:
    ./apps/docs/components/previews/badge.tsx
    ./apps/docs/components/previews/index.ts
    ./apps/docs/components/component-page.tsx
    ./apps/docs/app/[lang]/components/[slug]/page.tsx

https://nextjs.org/docs/messages/module-not-found @ http://127.0.0.1:3000/_next/static/chunks/0g7g_next_dist_00mhofs._.js:1945
[   18173ms] [ERROR] ./apps/docs/components/previews/button.tsx:3:1
Module not found: Can't resolve '@lyra-ds/react'
  1 | 'use client';
  2 |
> 3 | import { Button, Icon } from '@lyra-ds/react';
    | ^^^^^^^^^^^^^^^^^^^^^^^^^^^^^^^^^^^^^^^^^^^^^^
  4 |
  5 | const variants = ['primary', 'secondary', 'soft', 'ghost', 'danger'] as const;
  6 |

Import trace:
  Server Component:
    ./apps/docs/components/previews/button.tsx
    ./apps/docs/components/previews/index.ts
    ./apps/docs/components/component-page.tsx
    ./apps/docs/app/[lang]/components/[slug]/page.tsx

https://nextjs.org/docs/messages/module-not-found @ http://127.0.0.1:3000/_next/static/chunks/0g7g_next_dist_00mhofs._.js:1945
[   18173ms] [ERROR] ./apps/docs/components/previews/dialog.tsx:3:1
Module not found: Can't resolve '@lyra-ds/react'
  1 | 'use client';
  2 |
> 3 | import { Button, Dialog } from '@lyra-ds/react';
    | ^^^^^^^^^^^^^^^^^^^^^^^^^^^^^^^^^^^^^^^^^^^^^^^^
  4 | import { useTranslations } from 'next-intl';
  5 | import { useState } from 'react';
  6 |

Import trace:
  Server Component:
    ./apps/docs/components/previews/dialog.tsx
    ./apps/docs/components/previews/index.ts
    ./apps/docs/components/component-page.tsx
    ./apps/docs/app/[lang]/components/[slug]/page.tsx

https://nextjs.org/docs/messages/module-not-found @ http://127.0.0.1:3000/_next/static/chunks/0g7g_next_dist_00mhofs._.js:1945
[   18173ms] [ERROR] ./apps/docs/components/previews/input.tsx:3:1
Module not found: Can't resolve '@lyra-ds/react'
  1 | 'use client';
  2 |
> 3 | import { Icon, Input } from '@lyra-ds/react';
    | ^^^^^^^^^^^^^^^^^^^^^^^^^^^^^^^^^^^^^^^^^^^^^
  4 | import { useTranslations } from 'next-intl';
  5 | import { useState } from 'react';
  6 |

Import trace:
  Server Component:
    ./apps/docs/components/previews/input.tsx
    ./apps/docs/components/previews/index.ts
    ./apps/docs/components/component-page.tsx
    ./apps/docs/app/[lang]/components/[slug]/page.tsx

https://nextjs.org/docs/messages/module-not-found @ http://127.0.0.1:3000/_next/static/chunks/0g7g_next_dist_00mhofs._.js:1945
[   18173ms] [ERROR] ./apps/docs/components/site-header.tsx:3:1
Module not found: Can't resolve '@lyra-ds/react'
  1 | 'use client';
  2 |
> 3 | import { Button, Icon } from '@lyra-ds/react';
    | ^^^^^^^^^^^^^^^^^^^^^^^^^^^^^^^^^^^^^^^^^^^^^^
  4 | import { useTranslations } from 'next-intl';
  5 | import Link from 'next/link';
  6 | import { usePathname, useRouter } from 'next/navigation';

Import trace:
  Server Component:
    ./apps/docs/components/site-header.tsx
    ./apps/docs/app/[lang]/layout.tsx

https://nextjs.org/docs/messages/module-not-found @ http://127.0.0.1:3000/_next/static/chunks/0g7g_next_dist_00mhofs._.js:1945
[   18174ms] [ERROR] ./apps/docs/components/theme-toggle.tsx:3:1
Module not found: Can't resolve '@lyra-ds/react'
  1 | 'use client';
  2 |
> 3 | import { Icon } from '@lyra-ds/react';
    | ^^^^^^^^^^^^^^^^^^^^^^^^^^^^^^^^^^^^^^
  4 | import { useEffect, useState } from 'react';
  5 |
  6 | /** Reads the theme applied by the pre-paint script, then toggles + persists it. */

Import traces:
  Client Component Browser:
    ./apps/docs/components/theme-toggle.tsx [Client Component Browser]
    ./apps/docs/components/site-header.tsx [Client Component Browser]
    ./apps/docs/components/site-header.tsx [Server Component]
    ./apps/docs/app/[lang]/layout.tsx [Server Component]

  Client Component SSR:
    ./apps/docs/components/theme-toggle.tsx [Client Component SSR]
    ./apps/docs/components/site-header.tsx [Client Component SSR]
    ./apps/docs/components/site-header.tsx [Server Component]
    ./apps/docs/app/[lang]/layout.tsx [Server Component]

https://nextjs.org/docs/messages/module-not-found @ http://127.0.0.1:3000/_next/static/chunks/0g7g_next_dist_00mhofs._.js:1945
[   18249ms] [ERROR] ./apps/docs/components/previews/badge.tsx:3:1
Module not found: Can't resolve '@lyra-ds/react'
  1 | 'use client';
  2 |
> 3 | import { Badge } from '@lyra-ds/react';
    | ^^^^^^^^^^^^^^^^^^^^^^^^^^^^^^^^^^^^^^^
  4 |
  5 | const tones = ['neutral', 'accent', 'success', 'warning', 'danger', 'info'] as const;
  6 |

Import trace:
  Server Component:
    ./apps/docs/components/previews/badge.tsx
    ./apps/docs/components/previews/index.ts
    ./apps/docs/components/component-page.tsx
    ./apps/docs/app/[lang]/components/[slug]/page.tsx

https://nextjs.org/docs/messages/module-not-found @ http://127.0.0.1:3000/_next/static/chunks/0g7g_next_dist_00mhofs._.js:1945
[   18249ms] [ERROR] ./apps/docs/components/previews/button.tsx:3:1
Module not found: Can't resolve '@lyra-ds/react'
  1 | 'use client';
  2 |
> 3 | import { Button, Icon } from '@lyra-ds/react';
    | ^^^^^^^^^^^^^^^^^^^^^^^^^^^^^^^^^^^^^^^^^^^^^^
  4 |
  5 | const variants = ['primary', 'secondary', 'soft', 'ghost', 'danger'] as const;
  6 |

Import trace:
  Server Component:
    ./apps/docs/components/previews/button.tsx
    ./apps/docs/components/previews/index.ts
    ./apps/docs/components/component-page.tsx
    ./apps/docs/app/[lang]/components/[slug]/page.tsx

https://nextjs.org/docs/messages/module-not-found @ http://127.0.0.1:3000/_next/static/chunks/0g7g_next_dist_00mhofs._.js:1945
[   18249ms] [ERROR] ./apps/docs/components/previews/dialog.tsx:3:1
Module not found: Can't resolve '@lyra-ds/react'
  1 | 'use client';
  2 |
> 3 | import { Button, Dialog } from '@lyra-ds/react';
    | ^^^^^^^^^^^^^^^^^^^^^^^^^^^^^^^^^^^^^^^^^^^^^^^^
  4 | import { useTranslations } from 'next-intl';
  5 | import { useState } from 'react';
  6 |

Import trace:
  Server Component:
    ./apps/docs/components/previews/dialog.tsx
    ./apps/docs/components/previews/index.ts
    ./apps/docs/components/component-page.tsx
    ./apps/docs/app/[lang]/components/[slug]/page.tsx

https://nextjs.org/docs/messages/module-not-found @ http://127.0.0.1:3000/_next/static/chunks/0g7g_next_dist_00mhofs._.js:1945
[   18249ms] [ERROR] ./apps/docs/components/previews/input.tsx:3:1
Module not found: Can't resolve '@lyra-ds/react'
  1 | 'use client';
  2 |
> 3 | import { Icon, Input } from '@lyra-ds/react';
    | ^^^^^^^^^^^^^^^^^^^^^^^^^^^^^^^^^^^^^^^^^^^^^
  4 | import { useTranslations } from 'next-intl';
  5 | import { useState } from 'react';
  6 |

Import trace:
  Server Component:
    ./apps/docs/components/previews/input.tsx
    ./apps/docs/components/previews/index.ts
    ./apps/docs/components/component-page.tsx
    ./apps/docs/app/[lang]/components/[slug]/page.tsx

https://nextjs.org/docs/messages/module-not-found @ http://127.0.0.1:3000/_next/static/chunks/0g7g_next_dist_00mhofs._.js:1945
[   18249ms] [ERROR] ./apps/docs/components/site-header.tsx:3:1
Module not found: Can't resolve '@lyra-ds/react'
  1 | 'use client';
  2 |
> 3 | import { Button, Icon } from '@lyra-ds/react';
    | ^^^^^^^^^^^^^^^^^^^^^^^^^^^^^^^^^^^^^^^^^^^^^^
  4 | import { useTranslations } from 'next-intl';
  5 | import Link from 'next/link';
  6 | import { usePathname, useRouter } from 'next/navigation';

Import trace:
  Server Component:
    ./apps/docs/components/site-header.tsx
    ./apps/docs/app/[lang]/layout.tsx

https://nextjs.org/docs/messages/module-not-found @ http://127.0.0.1:3000/_next/static/chunks/0g7g_next_dist_00mhofs._.js:1945
[   18249ms] [ERROR] ./apps/docs/components/theme-toggle.tsx:3:1
Module not found: Can't resolve '@lyra-ds/react'
  1 | 'use client';
  2 |
> 3 | import { Icon } from '@lyra-ds/react';
    | ^^^^^^^^^^^^^^^^^^^^^^^^^^^^^^^^^^^^^^
  4 | import { useEffect, useState } from 'react';
  5 |
  6 | /** Reads the theme applied by the pre-paint script, then toggles + persists it. */

Import traces:
  Client Component Browser:
    ./apps/docs/components/theme-toggle.tsx [Client Component Browser]
    ./apps/docs/components/site-header.tsx [Client Component Browser]
    ./apps/docs/components/site-header.tsx [Server Component]
    ./apps/docs/app/[lang]/layout.tsx [Server Component]

  Client Component SSR:
    ./apps/docs/components/theme-toggle.tsx [Client Component SSR]
    ./apps/docs/components/site-header.tsx [Client Component SSR]
    ./apps/docs/components/site-header.tsx [Server Component]
    ./apps/docs/app/[lang]/layout.tsx [Server Component]

https://nextjs.org/docs/messages/module-not-found @ http://127.0.0.1:3000/_next/static/chunks/0g7g_next_dist_00mhofs._.js:1945
[   18316ms] [LOG] [Fast Refresh] rebuilding @ http://127.0.0.1:3000/_next/static/chunks/0g7g_next_dist_00mhofs._.js:1226
[   18489ms] [LOG] [Fast Refresh] rebuilding @ http://127.0.0.1:3000/_next/static/chunks/0g7g_next_dist_00mhofs._.js:1226
[   18634ms] [LOG] [Fast Refresh] done in 105ms @ http://127.0.0.1:3000/_next/static/chunks/0g7g_next_dist_00mhofs._.js:1226
[   18774ms] [INFO] %cDownload the React DevTools for a better development experience: https://react.dev/link/react-devtools font-weight:bold @ http://127.0.0.1:3000/_next/static/chunks/0g7g_next_dist_0sw6wv_._.js:2477
[   18786ms] [LOG] [HMR] connected @ http://127.0.0.1:3000/_next/static/chunks/0g7g_next_dist_0sw6wv_._.js:2477
[   18814ms] [ERROR] In HTML, %s cannot be a descendant of <%s>.
This will cause a hydration error.%s <p> p 

  ...
    <RenderFromTemplateContext>
      <ScrollAndMaybeFocusHandler cacheNode={{rsc:{...}, ...}}>
        <InnerScrollAndFocusHandlerOld focusAndScrollRef={{scrollRef:null, ...}} cacheNode={{rsc:{...}, ...}}>
          <ErrorBoundary errorComponent={undefined} errorStyles={undefined} errorScripts={undefined}>
            <LoadingBoundary name="en/" loading={null}>
              <HTTPAccessFallbackBoundary notFound={undefined} forbidden={undefined} unauthorized={undefined}>
                <RedirectBoundary>
                  <RedirectErrorBoundary router={{...}}>
                    <InnerLayoutRouter url="/en" tree={[...]} params={{lang:"en"}} cacheNode={{rsc:{...}, ...}} ...>
                      <SegmentViewNode type="page" pagePath="[lang]/pag...">
                        <SegmentTrieNode>
                        <DocsIndex>
                          <DocumentContent>
                            <MDXContent>
                              <div className="lw-hero">
                                <h1>
>                               <p className="lw-hero__sub">
>                                 <p>
                                ...
                              ...
                      ...
                    ...
          ...
 @ http://127.0.0.1:3000/_next/static/chunks/0g7g_next_dist_0sw6wv_._.js:3318
[   18819ms] [ERROR] Encountered a script tag while rendering React component. Scripts inside React components are never executed when rendering on the client. Consider using template tag instead (https://developer.mozilla.org/en-US/docs/Web/HTML/Element/template). @ http://127.0.0.1:3000/_next/static/chunks/0g7g_next_dist_0sw6wv_._.js:3318
[   18830ms] Error: Hydration failed because the server rendered HTML didn't match the client. As a result this tree will be regenerated on the client. This can happen if a SSR-ed Client Component used:

- A server/client branch `if (typeof window !== 'undefined')`.
- Variable input such as `Date.now()` or `Math.random()` which changes each time it's called.
- Date formatting in a user's locale which doesn't match the server.
- External changing data without sending a snapshot of it along with the HTML.
- Invalid HTML tag nesting.

It can also happen if the client has a browser extension installed which messes with the HTML before React loaded.

https://react.dev/link/hydration-mismatch
    at throwOnHydrationMismatch (http://127.0.0.1:3000/_next/static/chunks/0g7g_next_dist_compiled_react-dom_0spqnnm._.js:3318:56)
    at beginWork (http://127.0.0.1:3000/_next/static/chunks/0g7g_next_dist_compiled_react-dom_0spqnnm._.js:6758:918)
    at runWithFiberInDEV (http://127.0.0.1:3000/_next/static/chunks/0g7g_next_dist_compiled_react-dom_0spqnnm._.js:965:74)
    at performUnitOfWork (http://127.0.0.1:3000/_next/static/chunks/0g7g_next_dist_compiled_react-dom_0spqnnm._.js:9555:97)
    at workLoopConcurrentByScheduler (http://127.0.0.1:3000/_next/static/chunks/0g7g_next_dist_compiled_react-dom_0spqnnm._.js:9551:58)
    at renderRootConcurrent (http://127.0.0.1:3000/_next/static/chunks/0g7g_next_dist_compiled_react-dom_0spqnnm._.js:9534:71)
    at performWorkOnRoot (http://127.0.0.1:3000/_next/static/chunks/0g7g_next_dist_compiled_react-dom_0spqnnm._.js:9061:150)
    at performWorkOnRootViaSchedulerTask (http://127.0.0.1:3000/_next/static/chunks/0g7g_next_dist_compiled_react-dom_0spqnnm._.js:10255:9)
    at MessagePort.performWorkUntilDeadline (http://127.0.0.1:3000/_next/static/chunks/0g7g_next_dist_compiled_17u-b__._.js:2647:64)
[   18872ms] [ERROR] Failed to load resource: the server responded with a status of 404 (Not Found) @ http://127.0.0.1:3000/favicon.ico:0
