[      92ms] [INFO] %cDownload the React DevTools for a better development experience: https://react.dev/link/react-devtools font-weight:bold @ http://127.0.0.1:3002/_next/static/chunks/0g7g_next_dist_0sw6wv_._.js:2477
[     129ms] [LOG] [HMR] connected @ http://127.0.0.1:3002/_next/static/chunks/0g7g_next_dist_0sw6wv_._.js:2477
[     151ms] [ERROR] In HTML, %s cannot be a descendant of <%s>.
This will cause a hydration error.%s <p> p 

  ...
    <RenderFromTemplateContext>
      <ScrollAndMaybeFocusHandler cacheNode={{rsc:{...}, ...}}>
        <InnerScrollAndFocusHandlerOld focusAndScrollRef={{scrollRef:null, ...}} cacheNode={{rsc:{...}, ...}}>
          <ErrorBoundary errorComponent={undefined} errorStyles={undefined} errorScripts={undefined}>
            <LoadingBoundary name="en/" loading={null}>
              <HTTPAccessFallbackBoundary notFound={undefined} forbidden={undefined} unauthorized={undefined}>
                <RedirectBoundary>
                  <RedirectErrorBoundary router={{...}}>
                    <InnerLayoutRouter url="/en" tree={[...]} params={{lang:"en"}} cacheNode={{rsc:{...}, ...}} ...>
                      <SegmentViewNode type="page" pagePath="[lang]/pag...">
                        <SegmentTrieNode>
                        <DocsIndex>
                          <DocumentContent>
                            <MDXContent>
                              <div className="lw-hero">
                                <h1>
>                               <p className="lw-hero__sub">
>                                 <p>
                                ...
                              ...
                      ...
                    ...
          ...
 @ http://127.0.0.1:3002/_next/static/chunks/0g7g_next_dist_0sw6wv_._.js:3318
[     155ms] [ERROR] Encountered a script tag while rendering React component. Scripts inside React components are never executed when rendering on the client. Consider using template tag instead (https://developer.mozilla.org/en-US/docs/Web/HTML/Element/template). @ http://127.0.0.1:3002/_next/static/chunks/0g7g_next_dist_0sw6wv_._.js:3318
[     163ms] Error: Hydration failed because the server rendered HTML didn't match the client. As a result this tree will be regenerated on the client. This can happen if a SSR-ed Client Component used:

- A server/client branch `if (typeof window !== 'undefined')`.
- Variable input such as `Date.now()` or `Math.random()` which changes each time it's called.
- Date formatting in a user's locale which doesn't match the server.
- External changing data without sending a snapshot of it along with the HTML.
- Invalid HTML tag nesting.

It can also happen if the client has a browser extension installed which messes with the HTML before React loaded.

https://react.dev/link/hydration-mismatch
    at throwOnHydrationMismatch (http://127.0.0.1:3002/_next/static/chunks/0g7g_next_dist_compiled_react-dom_0spqnnm._.js:3318:56)
    at beginWork (http://127.0.0.1:3002/_next/static/chunks/0g7g_next_dist_compiled_react-dom_0spqnnm._.js:6758:918)
    at runWithFiberInDEV (http://127.0.0.1:3002/_next/static/chunks/0g7g_next_dist_compiled_react-dom_0spqnnm._.js:965:74)
    at performUnitOfWork (http://127.0.0.1:3002/_next/static/chunks/0g7g_next_dist_compiled_react-dom_0spqnnm._.js:9555:97)
    at workLoopConcurrentByScheduler (http://127.0.0.1:3002/_next/static/chunks/0g7g_next_dist_compiled_react-dom_0spqnnm._.js:9551:58)
    at renderRootConcurrent (http://127.0.0.1:3002/_next/static/chunks/0g7g_next_dist_compiled_react-dom_0spqnnm._.js:9534:71)
    at performWorkOnRoot (http://127.0.0.1:3002/_next/static/chunks/0g7g_next_dist_compiled_react-dom_0spqnnm._.js:9061:150)
    at performWorkOnRootViaSchedulerTask (http://127.0.0.1:3002/_next/static/chunks/0g7g_next_dist_compiled_react-dom_0spqnnm._.js:10255:9)
    at MessagePort.performWorkUntilDeadline (http://127.0.0.1:3002/_next/static/chunks/0g7g_next_dist_compiled_17u-b__._.js:2647:64)
[  174885ms] [LOG] [Fast Refresh] rebuilding @ http://127.0.0.1:3002/_next/static/chunks/0g7g_next_dist_0sw6wv_._.js:2477
[  174956ms] [ERROR] ./apps/docs/components/code-block.tsx:3:1
Module not found: Can't resolve '@lyra-ds/react'
  1 | 'use client';
  2 |
> 3 | import { Button } from '@lyra-ds/react';
    | ^^^^^^^^^^^^^^^^^^^^^^^^^^^^^^^^^^^^^^^^
  4 | import { useTranslations } from 'next-intl';
  5 | import { useState } from 'react';
  6 |

Import trace:
  Server Component:
    ./apps/docs/components/code-block.tsx
    ./apps/docs/components/document-content.tsx
    ./apps/docs/app/[lang]/page.tsx

https://nextjs.org/docs/messages/module-not-found @ http://127.0.0.1:3002/_next/static/chunks/0g7g_next_dist_0sw6wv_._.js:3318
[  174957ms] [ERROR] ./apps/docs/components/site-header.tsx:3:1
Module not found: Can't resolve '@lyra-ds/react'
  1 | 'use client';
  2 |
> 3 | import { Button, Icon } from '@lyra-ds/react';
    | ^^^^^^^^^^^^^^^^^^^^^^^^^^^^^^^^^^^^^^^^^^^^^^
  4 | import { useTranslations } from 'next-intl';
  5 | import Link from 'next/link';
  6 | import { usePathname, useRouter } from 'next/navigation';

Import trace:
  Server Component:
    ./apps/docs/components/site-header.tsx
    ./apps/docs/app/[lang]/layout.tsx

https://nextjs.org/docs/messages/module-not-found @ http://127.0.0.1:3002/_next/static/chunks/0g7g_next_dist_0sw6wv_._.js:3318
[  174957ms] [ERROR] ./apps/docs/components/theme-toggle.tsx:3:1
Module not found: Can't resolve '@lyra-ds/react'
  1 | 'use client';
  2 |
> 3 | import { Icon } from '@lyra-ds/react';
    | ^^^^^^^^^^^^^^^^^^^^^^^^^^^^^^^^^^^^^^
  4 | import { useEffect, useState } from 'react';
  5 |
  6 | /** Reads the theme applied by the pre-paint script, then toggles + persists it. */

Import traces:
  Client Component Browser:
    ./apps/docs/components/theme-toggle.tsx [Client Component Browser]
    ./apps/docs/components/site-header.tsx [Client Component Browser]
    ./apps/docs/components/site-header.tsx [Server Component]
    ./apps/docs/app/[lang]/layout.tsx [Server Component]

  Client Component SSR:
    ./apps/docs/components/theme-toggle.tsx [Client Component SSR]
    ./apps/docs/components/site-header.tsx [Client Component SSR]
    ./apps/docs/components/site-header.tsx [Server Component]
    ./apps/docs/app/[lang]/layout.tsx [Server Component]

https://nextjs.org/docs/messages/module-not-found @ http://127.0.0.1:3002/_next/static/chunks/0g7g_next_dist_0sw6wv_._.js:3318
[  175094ms] [LOG] [Fast Refresh] rebuilding @ http://127.0.0.1:3002/_next/static/chunks/0g7g_next_dist_0sw6wv_._.js:2477
[  175604ms] [ERROR] ./apps/docs/components/code-block.tsx:3:1
Module not found: Can't resolve '@lyra-ds/react'
  1 | 'use client';
  2 |
> 3 | import { Button } from '@lyra-ds/react';
    | ^^^^^^^^^^^^^^^^^^^^^^^^^^^^^^^^^^^^^^^^
  4 | import { useTranslations } from 'next-intl';
  5 | import { useState } from 'react';
  6 |

Import trace:
  Server Component:
    ./apps/docs/components/code-block.tsx
    ./apps/docs/components/document-content.tsx
    ./apps/docs/app/[lang]/page.tsx

https://nextjs.org/docs/messages/module-not-found @ http://127.0.0.1:3002/_next/static/chunks/0g7g_next_dist_0sw6wv_._.js:3318
[  175604ms] [ERROR] ./apps/docs/components/site-header.tsx:3:1
Module not found: Can't resolve '@lyra-ds/react'
  1 | 'use client';
  2 |
> 3 | import { Button, Icon } from '@lyra-ds/react';
    | ^^^^^^^^^^^^^^^^^^^^^^^^^^^^^^^^^^^^^^^^^^^^^^
  4 | import { useTranslations } from 'next-intl';
  5 | import Link from 'next/link';
  6 | import { usePathname, useRouter } from 'next/navigation';

Import trace:
  Server Component:
    ./apps/docs/components/site-header.tsx
    ./apps/docs/app/[lang]/layout.tsx

https://nextjs.org/docs/messages/module-not-found @ http://127.0.0.1:3002/_next/static/chunks/0g7g_next_dist_0sw6wv_._.js:3318
[  175605ms] [ERROR] ./apps/docs/components/theme-toggle.tsx:3:1
Module not found: Can't resolve '@lyra-ds/react'
  1 | 'use client';
  2 |
> 3 | import { Icon } from '@lyra-ds/react';
    | ^^^^^^^^^^^^^^^^^^^^^^^^^^^^^^^^^^^^^^
  4 | import { useEffect, useState } from 'react';
  5 |
  6 | /** Reads the theme applied by the pre-paint script, then toggles + persists it. */

Import traces:
  Client Component Browser:
    ./apps/docs/components/theme-toggle.tsx [Client Component Browser]
    ./apps/docs/components/site-header.tsx [Client Component Browser]
    ./apps/docs/components/site-header.tsx [Server Component]
    ./apps/docs/app/[lang]/layout.tsx [Server Component]

  Client Component SSR:
    ./apps/docs/components/theme-toggle.tsx [Client Component SSR]
    ./apps/docs/components/site-header.tsx [Client Component SSR]
    ./apps/docs/components/site-header.tsx [Server Component]
    ./apps/docs/app/[lang]/layout.tsx [Server Component]

https://nextjs.org/docs/messages/module-not-found @ http://127.0.0.1:3002/_next/static/chunks/0g7g_next_dist_0sw6wv_._.js:3318
[  175618ms] [ERROR] Failed to load resource: the server responded with a status of 500 (Internal Server Error) @ http://127.0.0.1:3002/pt-BR?_rsc=PSE1IZnVe4TNW7ev:0
[  175710ms] [LOG] [Fast Refresh] rebuilding @ http://127.0.0.1:3002/_next/static/chunks/0g7g_next_dist_0sw6wv_._.js:2477
[  175710ms] [LOG] [Fast Refresh] done in 2ms @ http://127.0.0.1:3002/_next/static/chunks/0g7g_next_dist_0sw6wv_._.js:2477
[  175915ms] [INFO] %cDownload the React DevTools for a better development experience: https://react.dev/link/react-devtools font-weight:bold @ http://127.0.0.1:3002/_next/static/chunks/0g7g_next_dist_0sw6wv_._.js:2477
[  175926ms] [LOG] [HMR] connected @ http://127.0.0.1:3002/_next/static/chunks/0g7g_next_dist_0sw6wv_._.js:2477
[  175957ms] [ERROR] In HTML, %s cannot be a descendant of <%s>.
This will cause a hydration error.%s <p> p 

  ...
    <RenderFromTemplateContext>
      <ScrollAndMaybeFocusHandler cacheNode={{rsc:{...}, ...}}>
        <InnerScrollAndFocusHandlerOld focusAndScrollRef={{scrollRef:null, ...}} cacheNode={{rsc:{...}, ...}}>
          <ErrorBoundary errorComponent={undefined} errorStyles={undefined} errorScripts={undefined}>
            <LoadingBoundary name="pt-BR/" loading={null}>
              <HTTPAccessFallbackBoundary notFound={undefined} forbidden={undefined} unauthorized={undefined}>
                <RedirectBoundary>
                  <RedirectErrorBoundary router={{...}}>
                    <InnerLayoutRouter url="/pt-BR" tree={[...]} params={{lang:"pt-BR"}} cacheNode={{rsc:{...}, ...}} ...>
                      <SegmentViewNode type="page" pagePath="[lang]/pag...">
                        <SegmentTrieNode>
                        <DocsIndex>
                          <DocumentContent>
                            <MDXContent>
                              <div className="lw-hero">
                                <h1>
>                               <p className="lw-hero__sub">
>                                 <p>
                                ...
                              ...
                      ...
                    ...
          ...
 @ http://127.0.0.1:3002/_next/static/chunks/0g7g_next_dist_0sw6wv_._.js:3318
[  175963ms] [ERROR] Encountered a script tag while rendering React component. Scripts inside React components are never executed when rendering on the client. Consider using template tag instead (https://developer.mozilla.org/en-US/docs/Web/HTML/Element/template). @ http://127.0.0.1:3002/_next/static/chunks/0g7g_next_dist_0sw6wv_._.js:3318
[  175974ms] Error: Hydration failed because the server rendered HTML didn't match the client. As a result this tree will be regenerated on the client. This can happen if a SSR-ed Client Component used:

- A server/client branch `if (typeof window !== 'undefined')`.
- Variable input such as `Date.now()` or `Math.random()` which changes each time it's called.
- Date formatting in a user's locale which doesn't match the server.
- External changing data without sending a snapshot of it along with the HTML.
- Invalid HTML tag nesting.

It can also happen if the client has a browser extension installed which messes with the HTML before React loaded.

https://react.dev/link/hydration-mismatch
    at throwOnHydrationMismatch (http://127.0.0.1:3002/_next/static/chunks/0g7g_next_dist_compiled_react-dom_0spqnnm._.js:3318:56)
    at beginWork (http://127.0.0.1:3002/_next/static/chunks/0g7g_next_dist_compiled_react-dom_0spqnnm._.js:6758:918)
    at runWithFiberInDEV (http://127.0.0.1:3002/_next/static/chunks/0g7g_next_dist_compiled_react-dom_0spqnnm._.js:965:74)
    at performUnitOfWork (http://127.0.0.1:3002/_next/static/chunks/0g7g_next_dist_compiled_react-dom_0spqnnm._.js:9555:97)
    at workLoopConcurrentByScheduler (http://127.0.0.1:3002/_next/static/chunks/0g7g_next_dist_compiled_react-dom_0spqnnm._.js:9551:58)
    at renderRootConcurrent (http://127.0.0.1:3002/_next/static/chunks/0g7g_next_dist_compiled_react-dom_0spqnnm._.js:9534:71)
    at performWorkOnRoot (http://127.0.0.1:3002/_next/static/chunks/0g7g_next_dist_compiled_react-dom_0spqnnm._.js:9061:150)
    at performWorkOnRootViaSchedulerTask (http://127.0.0.1:3002/_next/static/chunks/0g7g_next_dist_compiled_react-dom_0spqnnm._.js:10255:9)
    at MessagePort.performWorkUntilDeadline (http://127.0.0.1:3002/_next/static/chunks/0g7g_next_dist_compiled_17u-b__._.js:2647:64)
[  176013ms] [ERROR] Failed to load resource: the server responded with a status of 404 (Not Found) @ http://127.0.0.1:3002/favicon.ico:0
[  442670ms] [LOG] [Fast Refresh] rebuilding @ http://127.0.0.1:3002/_next/static/chunks/0g7g_next_dist_0sw6wv_._.js:2477
[  582741ms] [LOG] [Fast Refresh] done in 140172ms @ http://127.0.0.1:3002/_next/static/chunks/0g7g_next_dist_0sw6wv_._.js:2477
[  582842ms] [LOG] [Fast Refresh] rebuilding @ http://127.0.0.1:3002/_next/static/chunks/0g7g_next_dist_0sw6wv_._.js:2477
[  725759ms] [WARNING] [HMR] Invalid message: {"isTrusted":true}
TypeError: Cannot convert undefined or null to object
    at Object.keys (<anonymous>)
    at extractModulesFromTurbopackMessage (http://127.0.0.1:3002/_next/static/chunks/0g7g_next_dist_client_1ehwvx3._.js:13754:39)
    at TurbopackHmr.onTurbopackMessage (http://127.0.0.1:3002/_next/static/chunks/0g7g_next_dist_client_1ehwvx3._.js:13701:32)
    at processMessage (http://127.0.0.1:3002/_next/static/chunks/0g7g_next_dist_client_1ehwvx3._.js:14059:30)
    at WebSocket.handleMessage (http://127.0.0.1:3002/_next/static/chunks/0g7g_next_dist_client_1ehwvx3._.js:13458:52) @ http://127.0.0.1:3002/_next/static/chunks/0g7g_next_dist_0sw6wv_._.js:2477
[  885232ms] [LOG] [Fast Refresh] done in 302304ms @ http://127.0.0.1:3002/_next/static/chunks/0g7g_next_dist_0sw6wv_._.js:2477
[  885358ms] [LOG] [Fast Refresh] rebuilding @ http://127.0.0.1:3002/_next/static/chunks/0g7g_next_dist_0sw6wv_._.js:2477
[  885364ms] [LOG] [Fast Refresh] done in 105ms @ http://127.0.0.1:3002/_next/static/chunks/0g7g_next_dist_0sw6wv_._.js:2477
[  885374ms] [ERROR] Failed to load resource: the server responded with a status of 500 (Internal Server Error) @ http://127.0.0.1:3002/pt-BR:0
[  885428ms] [INFO] %cDownload the React DevTools for a better development experience: https://react.dev/link/react-devtools font-weight:bold @ http://127.0.0.1:3002/_next/static/chunks/0g7g_next_dist_0sw6wv_._.js:2477
[  885455ms] [LOG] [HMR] connected @ http://127.0.0.1:3002/_next/static/chunks/0g7g_next_dist_0sw6wv_._.js:2477
[  885469ms] [ERROR] Encountered a script tag while rendering React component. Scripts inside React components are never executed when rendering on the client. Consider using template tag instead (https://developer.mozilla.org/en-US/docs/Web/HTML/Element/template). @ http://127.0.0.1:3002/_next/static/chunks/0g7g_next_dist_0sw6wv_._.js:3318
[  885501ms] ReferenceError: CodeBlock is not defined
    at DocumentContent (about://React/Server/file:///home/franciscpd/Projects/lyra-ds/apps/docs/.next/dev/server/chunks/ssr/%5Broot-of-the-server%5D__0b7a304._.js?0:1207:13)
    at resolveErrorDev (http://127.0.0.1:3002/_next/static/chunks/0g7g_next_dist_compiled_react-server-dom-turbopack_01p8kyi._.js:1919:105)
    at processFullStringRow (http://127.0.0.1:3002/_next/static/chunks/0g7g_next_dist_compiled_react-server-dom-turbopack_01p8kyi._.js:2434:29)
    at processFullBinaryRow (http://127.0.0.1:3002/_next/static/chunks/0g7g_next_dist_compiled_react-server-dom-turbopack_01p8kyi._.js:2393:9)
    at processBinaryChunk (http://127.0.0.1:3002/_next/static/chunks/0g7g_next_dist_compiled_react-server-dom-turbopack_01p8kyi._.js:2502:221)
    at progress (http://127.0.0.1:3002/_next/static/chunks/0g7g_next_dist_compiled_react-server-dom-turbopack_01p8kyi._.js:2689:13)
[  885614ms] [ERROR] Failed to load resource: the server responded with a status of 404 (Not Found) @ http://127.0.0.1:3002/favicon.ico:0
[  890305ms] [LOG] [Fast Refresh] rebuilding @ http://127.0.0.1:3002/_next/static/chunks/0g7g_next_dist_0sw6wv_._.js:2477
[  890521ms] [LOG] [Fast Refresh] done in 34ms @ http://127.0.0.1:3002/_next/static/chunks/0g7g_next_dist_0sw6wv_._.js:2477
[  890731ms] [INFO] %cDownload the React DevTools for a better development experience: https://react.dev/link/react-devtools font-weight:bold @ http://127.0.0.1:3002/_next/static/chunks/0g7g_next_dist_0sw6wv_._.js:2477
[  890742ms] [LOG] [HMR] connected @ http://127.0.0.1:3002/_next/static/chunks/0g7g_next_dist_0sw6wv_._.js:2477
[  890775ms] [ERROR] In HTML, %s cannot be a descendant of <%s>.
This will cause a hydration error.%s <p> p 

  ...
    <RenderFromTemplateContext>
      <ScrollAndMaybeFocusHandler cacheNode={{rsc:{...}, ...}}>
        <InnerScrollAndFocusHandlerOld focusAndScrollRef={{scrollRef:null, ...}} cacheNode={{rsc:{...}, ...}}>
          <ErrorBoundary errorComponent={undefined} errorStyles={undefined} errorScripts={undefined}>
            <LoadingBoundary name="pt-BR/" loading={null}>
              <HTTPAccessFallbackBoundary notFound={undefined} forbidden={undefined} unauthorized={undefined}>
                <RedirectBoundary>
                  <RedirectErrorBoundary router={{...}}>
                    <InnerLayoutRouter url="/pt-BR" tree={[...]} params={{lang:"pt-BR"}} cacheNode={{rsc:{...}, ...}} ...>
                      <SegmentViewNode type="page" pagePath="[lang]/pag...">
                        <SegmentTrieNode>
                        <DocsIndex>
                          <DocumentContent>
                            <MDXContent>
                              <div className="lw-hero">
                                <h1>
>                               <p className="lw-hero__sub">
>                                 <p>
                                ...
                              ...
                      ...
                    ...
          ...
 @ http://127.0.0.1:3002/_next/static/chunks/0g7g_next_dist_0sw6wv_._.js:3318
[  890783ms] [ERROR] Encountered a script tag while rendering React component. Scripts inside React components are never executed when rendering on the client. Consider using template tag instead (https://developer.mozilla.org/en-US/docs/Web/HTML/Element/template). @ http://127.0.0.1:3002/_next/static/chunks/0g7g_next_dist_0sw6wv_._.js:3318
[  890796ms] Error: Hydration failed because the server rendered HTML didn't match the client. As a result this tree will be regenerated on the client. This can happen if a SSR-ed Client Component used:

- A server/client branch `if (typeof window !== 'undefined')`.
- Variable input such as `Date.now()` or `Math.random()` which changes each time it's called.
- Date formatting in a user's locale which doesn't match the server.
- External changing data without sending a snapshot of it along with the HTML.
- Invalid HTML tag nesting.

It can also happen if the client has a browser extension installed which messes with the HTML before React loaded.

https://react.dev/link/hydration-mismatch
    at throwOnHydrationMismatch (http://127.0.0.1:3002/_next/static/chunks/0g7g_next_dist_compiled_react-dom_0spqnnm._.js:3318:56)
    at beginWork (http://127.0.0.1:3002/_next/static/chunks/0g7g_next_dist_compiled_react-dom_0spqnnm._.js:6758:918)
    at runWithFiberInDEV (http://127.0.0.1:3002/_next/static/chunks/0g7g_next_dist_compiled_react-dom_0spqnnm._.js:965:74)
    at performUnitOfWork (http://127.0.0.1:3002/_next/static/chunks/0g7g_next_dist_compiled_react-dom_0spqnnm._.js:9555:97)
    at workLoopConcurrentByScheduler (http://127.0.0.1:3002/_next/static/chunks/0g7g_next_dist_compiled_react-dom_0spqnnm._.js:9551:58)
    at renderRootConcurrent (http://127.0.0.1:3002/_next/static/chunks/0g7g_next_dist_compiled_react-dom_0spqnnm._.js:9534:71)
    at performWorkOnRoot (http://127.0.0.1:3002/_next/static/chunks/0g7g_next_dist_compiled_react-dom_0spqnnm._.js:9061:150)
    at performWorkOnRootViaSchedulerTask (http://127.0.0.1:3002/_next/static/chunks/0g7g_next_dist_compiled_react-dom_0spqnnm._.js:10255:9)
    at MessagePort.performWorkUntilDeadline (http://127.0.0.1:3002/_next/static/chunks/0g7g_next_dist_compiled_17u-b__._.js:2647:64)
[ 1041142ms] [LOG] [Fast Refresh] rebuilding @ http://127.0.0.1:3002/_next/static/chunks/0g7g_next_dist_0sw6wv_._.js:2477
[ 1041351ms] [LOG] [Fast Refresh] done in 17ms @ http://127.0.0.1:3002/_next/static/chunks/0g7g_next_dist_0sw6wv_._.js:2477
[ 1054881ms] [LOG] [Fast Refresh] rebuilding @ http://127.0.0.1:3002/_next/static/chunks/0g7g_next_dist_0sw6wv_._.js:2477
[ 1054910ms] [LOG] [Fast Refresh] done in 10ms @ http://127.0.0.1:3002/_next/static/chunks/0g7g_next_dist_0sw6wv_._.js:2477
[ 1057824ms] [LOG] [Fast Refresh] rebuilding @ http://127.0.0.1:3002/_next/static/chunks/0g7g_next_dist_0sw6wv_._.js:2477
[ 1057932ms] [LOG] [Fast Refresh] done in 209ms @ http://127.0.0.1:3002/_next/static/chunks/0g7g_next_dist_0sw6wv_._.js:2477
[ 1062814ms] [LOG] [Fast Refresh] rebuilding @ http://127.0.0.1:3002/_next/static/chunks/0g7g_next_dist_0sw6wv_._.js:2477
[ 1062852ms] [LOG] [Fast Refresh] done in 137ms @ http://127.0.0.1:3002/_next/static/chunks/0g7g_next_dist_0sw6wv_._.js:2477
[ 1064189ms] [LOG] [Fast Refresh] rebuilding @ http://127.0.0.1:3002/_next/static/chunks/0g7g_next_dist_0sw6wv_._.js:2477
[ 1064243ms] [ERROR] ./apps/docs/components/site-header.tsx:3:1
Module not found: Can't resolve '@lyra-ds/react'
  1 | 'use client';
  2 |
> 3 | import { Button, Icon } from '@lyra-ds/react';
    | ^^^^^^^^^^^^^^^^^^^^^^^^^^^^^^^^^^^^^^^^^^^^^^
  4 | import { useTranslations } from 'next-intl';
  5 | import Link from 'next/link';
  6 | import { usePathname, useRouter } from 'next/navigation';

Import trace:
  Server Component:
    ./apps/docs/components/site-header.tsx
    ./apps/docs/app/[lang]/layout.tsx

https://nextjs.org/docs/messages/module-not-found @ http://127.0.0.1:3002/_next/static/chunks/0g7g_next_dist_0sw6wv_._.js:3318
[ 1064243ms] [ERROR] ./apps/docs/components/theme-toggle.tsx:3:1
Module not found: Can't resolve '@lyra-ds/react'
  1 | 'use client';
  2 |
> 3 | import { Icon } from '@lyra-ds/react';
    | ^^^^^^^^^^^^^^^^^^^^^^^^^^^^^^^^^^^^^^
  4 | import { useEffect, useState } from 'react';
  5 |
  6 | /** Reads the theme applied by the pre-paint script, then toggles + persists it. */

Import traces:
  Client Component Browser:
    ./apps/docs/components/theme-toggle.tsx [Client Component Browser]
    ./apps/docs/components/site-header.tsx [Client Component Browser]
    ./apps/docs/components/site-header.tsx [Server Component]
    ./apps/docs/app/[lang]/layout.tsx [Server Component]

  Client Component SSR:
    ./apps/docs/components/theme-toggle.tsx [Client Component SSR]
    ./apps/docs/components/site-header.tsx [Client Component SSR]
    ./apps/docs/components/site-header.tsx [Server Component]
    ./apps/docs/app/[lang]/layout.tsx [Server Component]

https://nextjs.org/docs/messages/module-not-found @ http://127.0.0.1:3002/_next/static/chunks/0g7g_next_dist_0sw6wv_._.js:3318
[ 1064243ms] [ERROR] ./apps/docs/components/previews/badge.tsx:3:1
Module not found: Can't resolve '@lyra-ds/react'
  1 | 'use client';
  2 |
> 3 | import { Badge } from '@lyra-ds/react';
    | ^^^^^^^^^^^^^^^^^^^^^^^^^^^^^^^^^^^^^^^
  4 |
  5 | const tones = ['neutral', 'accent', 'success', 'warning', 'danger', 'info'] as const;
  6 |

Import trace:
  Server Component:
    ./apps/docs/components/previews/badge.tsx
    ./apps/docs/components/previews/index.ts
    ./apps/docs/components/component-page.tsx
    ./apps/docs/app/[lang]/components/[slug]/page.tsx

https://nextjs.org/docs/messages/module-not-found @ http://127.0.0.1:3002/_next/static/chunks/0g7g_next_dist_0sw6wv_._.js:3318
[ 1064244ms] [ERROR] ./apps/docs/components/previews/button.tsx:3:1
Module not found: Can't resolve '@lyra-ds/react'
  1 | 'use client';
  2 |
> 3 | import { Button, Icon } from '@lyra-ds/react';
    | ^^^^^^^^^^^^^^^^^^^^^^^^^^^^^^^^^^^^^^^^^^^^^^
  4 |
  5 | const variants = ['primary', 'secondary', 'soft', 'ghost', 'danger'] as const;
  6 |

Import trace:
  Server Component:
    ./apps/docs/components/previews/button.tsx
    ./apps/docs/components/previews/index.ts
    ./apps/docs/components/component-page.tsx
    ./apps/docs/app/[lang]/components/[slug]/page.tsx

https://nextjs.org/docs/messages/module-not-found @ http://127.0.0.1:3002/_next/static/chunks/0g7g_next_dist_0sw6wv_._.js:3318
[ 1064244ms] [ERROR] ./apps/docs/components/previews/dialog.tsx:3:1
Module not found: Can't resolve '@lyra-ds/react'
  1 | 'use client';
  2 |
> 3 | import { Button, Dialog } from '@lyra-ds/react';
    | ^^^^^^^^^^^^^^^^^^^^^^^^^^^^^^^^^^^^^^^^^^^^^^^^
  4 | import { useTranslations } from 'next-intl';
  5 | import { useState } from 'react';
  6 |

Import trace:
  Server Component:
    ./apps/docs/components/previews/dialog.tsx
    ./apps/docs/components/previews/index.ts
    ./apps/docs/components/component-page.tsx
    ./apps/docs/app/[lang]/components/[slug]/page.tsx

https://nextjs.org/docs/messages/module-not-found @ http://127.0.0.1:3002/_next/static/chunks/0g7g_next_dist_0sw6wv_._.js:3318
[ 1064244ms] [ERROR] ./apps/docs/components/previews/input.tsx:3:1
Module not found: Can't resolve '@lyra-ds/react'
  1 | 'use client';
  2 |
> 3 | import { Icon, Input } from '@lyra-ds/react';
    | ^^^^^^^^^^^^^^^^^^^^^^^^^^^^^^^^^^^^^^^^^^^^^
  4 | import { useTranslations } from 'next-intl';
  5 | import { useState } from 'react';
  6 |

Import trace:
  Server Component:
    ./apps/docs/components/previews/input.tsx
    ./apps/docs/components/previews/index.ts
    ./apps/docs/components/component-page.tsx
    ./apps/docs/app/[lang]/components/[slug]/page.tsx

https://nextjs.org/docs/messages/module-not-found @ http://127.0.0.1:3002/_next/static/chunks/0g7g_next_dist_0sw6wv_._.js:3318
[ 1064290ms] [ERROR] Failed to load resource: the server responded with a status of 500 (Internal Server Error) @ http://127.0.0.1:3002/pt-BR?_rsc=2V9AV2Vb4vHqSs0E:0
[ 1064359ms] [LOG] [Fast Refresh] rebuilding @ http://127.0.0.1:3002/_next/static/chunks/0g7g_next_dist_0sw6wv_._.js:2477
[ 1064366ms] [ERROR] Failed to load resource: the server responded with a status of 500 (Internal Server Error) @ http://127.0.0.1:3002/pt-BR?_rsc=2V9AV2Vb4vHqSs0E:0
[ 1064371ms] [ERROR] Failed to load resource: the server responded with a status of 500 (Internal Server Error) @ http://127.0.0.1:3002/pt-BR:0
[ 1064469ms] [INFO] %cDownload the React DevTools for a better development experience: https://react.dev/link/react-devtools font-weight:bold @ http://127.0.0.1:3002/_next/static/chunks/02ca_react-dom_0ntjfa7._.js:15305
[ 1064519ms] Error: ./apps/docs/components/site-header.tsx:3:1
Module not found: Can't resolve '@lyra-ds/react'
  1 | 'use client';
  2 |
> 3 | import { Button, Icon } from '@lyra-ds/react';
    | ^^^^^^^^^^^^^^^^^^^^^^^^^^^^^^^^^^^^^^^^^^^^^^
  4 | import { useTranslations } from 'next-intl';
  5 | import Link from 'next/link';
  6 | import { usePathname, useRouter } from 'next/navigation';



Import trace:
  Server Component:
    ./apps/docs/components/site-header.tsx
    ./apps/docs/app/[lang]/layout.tsx

https://nextjs.org/docs/messages/module-not-found


    at <unknown> (Error: ./apps/docs/components/site-header.tsx:3:1)
    at <unknown> (https://nextjs.org/docs/messages/module-not-found)
    at Object.getCompilationErrors (file:///home/franciscpd/Projects/lyra-ds/node_modules/.pnpm/next@16.2.10_@babel+core@7.29.7_react-dom@19.2.7_react@19.2.7__react@19.2.7/node_modules/next/dist/server/dev/hot-reloader-turbopack.js:1186:59)
    at DevBundlerService.getCompilationError (file:///home/franciscpd/Projects/lyra-ds/node_modules/.pnpm/next@16.2.10_@babel+core@7.29.7_react-dom@19.2.7_react@19.2.7__react@19.2.7/node_modules/next/dist/server/lib/dev-bundler-service.js:44:55)
    at DevServer.getCompilationError (file:///home/franciscpd/Projects/lyra-ds/node_modules/.pnpm/next@16.2.10_@babel+core@7.29.7_react-dom@19.2.7_react@19.2.7__react@19.2.7/node_modules/next/dist/server/dev/next-dev-server.js:720:42)
    at DevServer.findPageComponents (file:///home/franciscpd/Projects/lyra-ds/node_modules/.pnpm/next@16.2.10_@babel+core@7.29.7_react-dom@19.2.7_react@19.2.7__react@19.2.7/node_modules/next/dist/server/dev/next-dev-server.js:690:43)
    at async DevServer.renderErrorToResponseImpl (file:///home/franciscpd/Projects/lyra-ds/node_modules/.pnpm/next@16.2.10_@babel+core@7.29.7_react-dom@19.2.7_react@19.2.7__react@19.2.7/node_modules/next/dist/server/base-server.js:1753:26)
[ 1064519ms] [LOG] [HMR] connected @ http://127.0.0.1:3002/_next/static/chunks/0g7g_next_dist_00mhofs._.js:1226
[ 1064522ms] [ERROR] ./apps/docs/components/site-header.tsx:3:1
Module not found: Can't resolve '@lyra-ds/react'
  1 | 'use client';
  2 |
> 3 | import { Button, Icon } from '@lyra-ds/react';
    | ^^^^^^^^^^^^^^^^^^^^^^^^^^^^^^^^^^^^^^^^^^^^^^
  4 | import { useTranslations } from 'next-intl';
  5 | import Link from 'next/link';
  6 | import { usePathname, useRouter } from 'next/navigation';

Import trace:
  Server Component:
    ./apps/docs/components/site-header.tsx
    ./apps/docs/app/[lang]/layout.tsx

https://nextjs.org/docs/messages/module-not-found @ http://127.0.0.1:3002/_next/static/chunks/0g7g_next_dist_00mhofs._.js:1945
[ 1064522ms] [ERROR] ./apps/docs/components/theme-toggle.tsx:3:1
Module not found: Can't resolve '@lyra-ds/react'
  1 | 'use client';
  2 |
> 3 | import { Icon } from '@lyra-ds/react';
    | ^^^^^^^^^^^^^^^^^^^^^^^^^^^^^^^^^^^^^^
  4 | import { useEffect, useState } from 'react';
  5 |
  6 | /** Reads the theme applied by the pre-paint script, then toggles + persists it. */

Import traces:
  Client Component Browser:
    ./apps/docs/components/theme-toggle.tsx [Client Component Browser]
    ./apps/docs/components/site-header.tsx [Client Component Browser]
    ./apps/docs/components/site-header.tsx [Server Component]
    ./apps/docs/app/[lang]/layout.tsx [Server Component]

  Client Component SSR:
    ./apps/docs/components/theme-toggle.tsx [Client Component SSR]
    ./apps/docs/components/site-header.tsx [Client Component SSR]
    ./apps/docs/components/site-header.tsx [Server Component]
    ./apps/docs/app/[lang]/layout.tsx [Server Component]

https://nextjs.org/docs/messages/module-not-found @ http://127.0.0.1:3002/_next/static/chunks/0g7g_next_dist_00mhofs._.js:1945
[ 1064522ms] [ERROR] ./apps/docs/components/previews/badge.tsx:3:1
Module not found: Can't resolve '@lyra-ds/react'
  1 | 'use client';
  2 |
> 3 | import { Badge } from '@lyra-ds/react';
    | ^^^^^^^^^^^^^^^^^^^^^^^^^^^^^^^^^^^^^^^
  4 |
  5 | const tones = ['neutral', 'accent', 'success', 'warning', 'danger', 'info'] as const;
  6 |

Import trace:
  Server Component:
    ./apps/docs/components/previews/badge.tsx
    ./apps/docs/components/previews/index.ts
    ./apps/docs/components/component-page.tsx
    ./apps/docs/app/[lang]/components/[slug]/page.tsx

https://nextjs.org/docs/messages/module-not-found @ http://127.0.0.1:3002/_next/static/chunks/0g7g_next_dist_00mhofs._.js:1945
[ 1064522ms] [ERROR] ./apps/docs/components/previews/button.tsx:3:1
Module not found: Can't resolve '@lyra-ds/react'
  1 | 'use client';
  2 |
> 3 | import { Button, Icon } from '@lyra-ds/react';
    | ^^^^^^^^^^^^^^^^^^^^^^^^^^^^^^^^^^^^^^^^^^^^^^
  4 |
  5 | const variants = ['primary', 'secondary', 'soft', 'ghost', 'danger'] as const;
  6 |

Import trace:
  Server Component:
    ./apps/docs/components/previews/button.tsx
    ./apps/docs/components/previews/index.ts
    ./apps/docs/components/component-page.tsx
    ./apps/docs/app/[lang]/components/[slug]/page.tsx

https://nextjs.org/docs/messages/module-not-found @ http://127.0.0.1:3002/_next/static/chunks/0g7g_next_dist_00mhofs._.js:1945
[ 1064522ms] [ERROR] ./apps/docs/components/previews/dialog.tsx:3:1
Module not found: Can't resolve '@lyra-ds/react'
  1 | 'use client';
  2 |
> 3 | import { Button, Dialog } from '@lyra-ds/react';
    | ^^^^^^^^^^^^^^^^^^^^^^^^^^^^^^^^^^^^^^^^^^^^^^^^
  4 | import { useTranslations } from 'next-intl';
  5 | import { useState } from 'react';
  6 |

Import trace:
  Server Component:
    ./apps/docs/components/previews/dialog.tsx
    ./apps/docs/components/previews/index.ts
    ./apps/docs/components/component-page.tsx
    ./apps/docs/app/[lang]/components/[slug]/page.tsx

https://nextjs.org/docs/messages/module-not-found @ http://127.0.0.1:3002/_next/static/chunks/0g7g_next_dist_00mhofs._.js:1945
[ 1064522ms] [ERROR] ./apps/docs/components/previews/input.tsx:3:1
Module not found: Can't resolve '@lyra-ds/react'
  1 | 'use client';
  2 |
> 3 | import { Icon, Input } from '@lyra-ds/react';
    | ^^^^^^^^^^^^^^^^^^^^^^^^^^^^^^^^^^^^^^^^^^^^^
  4 | import { useTranslations } from 'next-intl';
  5 | import { useState } from 'react';
  6 |

Import trace:
  Server Component:
    ./apps/docs/components/previews/input.tsx
    ./apps/docs/components/previews/index.ts
    ./apps/docs/components/component-page.tsx
    ./apps/docs/app/[lang]/components/[slug]/page.tsx

https://nextjs.org/docs/messages/module-not-found @ http://127.0.0.1:3002/_next/static/chunks/0g7g_next_dist_00mhofs._.js:1945
[ 1064522ms] [ERROR] ./apps/docs/components/site-header.tsx:3:1
Module not found: Can't resolve '@lyra-ds/react'
  1 | 'use client';
  2 |
> 3 | import { Button, Icon } from '@lyra-ds/react';
    | ^^^^^^^^^^^^^^^^^^^^^^^^^^^^^^^^^^^^^^^^^^^^^^
  4 | import { useTranslations } from 'next-intl';
  5 | import Link from 'next/link';
  6 | import { usePathname, useRouter } from 'next/navigation';

Import trace:
  Server Component:
    ./apps/docs/components/site-header.tsx
    ./apps/docs/app/[lang]/layout.tsx

https://nextjs.org/docs/messages/module-not-found @ http://127.0.0.1:3002/_next/static/chunks/0g7g_next_dist_00mhofs._.js:1945
[ 1064522ms] [ERROR] ./apps/docs/components/theme-toggle.tsx:3:1
Module not found: Can't resolve '@lyra-ds/react'
  1 | 'use client';
  2 |
> 3 | import { Icon } from '@lyra-ds/react';
    | ^^^^^^^^^^^^^^^^^^^^^^^^^^^^^^^^^^^^^^
  4 | import { useEffect, useState } from 'react';
  5 |
  6 | /** Reads the theme applied by the pre-paint script, then toggles + persists it. */

Import traces:
  Client Component Browser:
    ./apps/docs/components/theme-toggle.tsx [Client Component Browser]
    ./apps/docs/components/site-header.tsx [Client Component Browser]
    ./apps/docs/components/site-header.tsx [Server Component]
    ./apps/docs/app/[lang]/layout.tsx [Server Component]

  Client Component SSR:
    ./apps/docs/components/theme-toggle.tsx [Client Component SSR]
    ./apps/docs/components/site-header.tsx [Client Component SSR]
    ./apps/docs/components/site-header.tsx [Server Component]
    ./apps/docs/app/[lang]/layout.tsx [Server Component]

https://nextjs.org/docs/messages/module-not-found @ http://127.0.0.1:3002/_next/static/chunks/0g7g_next_dist_00mhofs._.js:1945
[ 1064522ms] [ERROR] ./apps/docs/components/site-header.tsx:3:1
Module not found: Can't resolve '@lyra-ds/react'
  1 | 'use client';
  2 |
> 3 | import { Button, Icon } from '@lyra-ds/react';
    | ^^^^^^^^^^^^^^^^^^^^^^^^^^^^^^^^^^^^^^^^^^^^^^
  4 | import { useTranslations } from 'next-intl';
  5 | import Link from 'next/link';
  6 | import { usePathname, useRouter } from 'next/navigation';

Import trace:
  Server Component:
    ./apps/docs/components/site-header.tsx
    ./apps/docs/app/[lang]/layout.tsx

https://nextjs.org/docs/messages/module-not-found @ http://127.0.0.1:3002/_next/static/chunks/0g7g_next_dist_00mhofs._.js:1945
[ 1064522ms] [ERROR] ./apps/docs/components/theme-toggle.tsx:3:1
Module not found: Can't resolve '@lyra-ds/react'
  1 | 'use client';
  2 |
> 3 | import { Icon } from '@lyra-ds/react';
    | ^^^^^^^^^^^^^^^^^^^^^^^^^^^^^^^^^^^^^^
  4 | import { useEffect, useState } from 'react';
  5 |
  6 | /** Reads the theme applied by the pre-paint script, then toggles + persists it. */

Import traces:
  Client Component Browser:
    ./apps/docs/components/theme-toggle.tsx [Client Component Browser]
    ./apps/docs/components/site-header.tsx [Client Component Browser]
    ./apps/docs/components/site-header.tsx [Server Component]
    ./apps/docs/app/[lang]/layout.tsx [Server Component]

  Client Component SSR:
    ./apps/docs/components/theme-toggle.tsx [Client Component SSR]
    ./apps/docs/components/site-header.tsx [Client Component SSR]
    ./apps/docs/components/site-header.tsx [Server Component]
    ./apps/docs/app/[lang]/layout.tsx [Server Component]

https://nextjs.org/docs/messages/module-not-found @ http://127.0.0.1:3002/_next/static/chunks/0g7g_next_dist_00mhofs._.js:1945
[ 1064596ms] [ERROR] ./apps/docs/components/site-header.tsx:3:1
Module not found: Can't resolve '@lyra-ds/react'
  1 | 'use client';
  2 |
> 3 | import { Button, Icon } from '@lyra-ds/react';
    | ^^^^^^^^^^^^^^^^^^^^^^^^^^^^^^^^^^^^^^^^^^^^^^
  4 | import { useTranslations } from 'next-intl';
  5 | import Link from 'next/link';
  6 | import { usePathname, useRouter } from 'next/navigation';

Import trace:
  Server Component:
    ./apps/docs/components/site-header.tsx
    ./apps/docs/app/[lang]/layout.tsx

https://nextjs.org/docs/messages/module-not-found @ http://127.0.0.1:3002/_next/static/chunks/0g7g_next_dist_00mhofs._.js:1945
[ 1064596ms] [ERROR] ./apps/docs/components/theme-toggle.tsx:3:1
Module not found: Can't resolve '@lyra-ds/react'
  1 | 'use client';
  2 |
> 3 | import { Icon } from '@lyra-ds/react';
    | ^^^^^^^^^^^^^^^^^^^^^^^^^^^^^^^^^^^^^^
  4 | import { useEffect, useState } from 'react';
  5 |
  6 | /** Reads the theme applied by the pre-paint script, then toggles + persists it. */

Import traces:
  Client Component Browser:
    ./apps/docs/components/theme-toggle.tsx [Client Component Browser]
    ./apps/docs/components/site-header.tsx [Client Component Browser]
    ./apps/docs/components/site-header.tsx [Server Component]
    ./apps/docs/app/[lang]/layout.tsx [Server Component]

  Client Component SSR:
    ./apps/docs/components/theme-toggle.tsx [Client Component SSR]
    ./apps/docs/components/site-header.tsx [Client Component SSR]
    ./apps/docs/components/site-header.tsx [Server Component]
    ./apps/docs/app/[lang]/layout.tsx [Server Component]

https://nextjs.org/docs/messages/module-not-found @ http://127.0.0.1:3002/_next/static/chunks/0g7g_next_dist_00mhofs._.js:1945
[ 1064596ms] [ERROR] ./apps/docs/components/previews/badge.tsx:3:1
Module not found: Can't resolve '@lyra-ds/react'
  1 | 'use client';
  2 |
> 3 | import { Badge } from '@lyra-ds/react';
    | ^^^^^^^^^^^^^^^^^^^^^^^^^^^^^^^^^^^^^^^
  4 |
  5 | const tones = ['neutral', 'accent', 'success', 'warning', 'danger', 'info'] as const;
  6 |

Import trace:
  Server Component:
    ./apps/docs/components/previews/badge.tsx
    ./apps/docs/components/previews/index.ts
    ./apps/docs/components/component-page.tsx
    ./apps/docs/app/[lang]/components/[slug]/page.tsx

https://nextjs.org/docs/messages/module-not-found @ http://127.0.0.1:3002/_next/static/chunks/0g7g_next_dist_00mhofs._.js:1945
[ 1064597ms] [ERROR] ./apps/docs/components/previews/button.tsx:3:1
Module not found: Can't resolve '@lyra-ds/react'
  1 | 'use client';
  2 |
> 3 | import { Button, Icon } from '@lyra-ds/react';
    | ^^^^^^^^^^^^^^^^^^^^^^^^^^^^^^^^^^^^^^^^^^^^^^
  4 |
  5 | const variants = ['primary', 'secondary', 'soft', 'ghost', 'danger'] as const;
  6 |

Import trace:
  Server Component:
    ./apps/docs/components/previews/button.tsx
    ./apps/docs/components/previews/index.ts
    ./apps/docs/components/component-page.tsx
    ./apps/docs/app/[lang]/components/[slug]/page.tsx

https://nextjs.org/docs/messages/module-not-found @ http://127.0.0.1:3002/_next/static/chunks/0g7g_next_dist_00mhofs._.js:1945
[ 1064597ms] [ERROR] ./apps/docs/components/previews/dialog.tsx:3:1
Module not found: Can't resolve '@lyra-ds/react'
  1 | 'use client';
  2 |
> 3 | import { Button, Dialog } from '@lyra-ds/react';
    | ^^^^^^^^^^^^^^^^^^^^^^^^^^^^^^^^^^^^^^^^^^^^^^^^
  4 | import { useTranslations } from 'next-intl';
  5 | import { useState } from 'react';
  6 |

Import trace:
  Server Component:
    ./apps/docs/components/previews/dialog.tsx
    ./apps/docs/components/previews/index.ts
    ./apps/docs/components/component-page.tsx
    ./apps/docs/app/[lang]/components/[slug]/page.tsx

https://nextjs.org/docs/messages/module-not-found @ http://127.0.0.1:3002/_next/static/chunks/0g7g_next_dist_00mhofs._.js:1945
[ 1064597ms] [ERROR] ./apps/docs/components/previews/input.tsx:3:1
Module not found: Can't resolve '@lyra-ds/react'
  1 | 'use client';
  2 |
> 3 | import { Icon, Input } from '@lyra-ds/react';
    | ^^^^^^^^^^^^^^^^^^^^^^^^^^^^^^^^^^^^^^^^^^^^^
  4 | import { useTranslations } from 'next-intl';
  5 | import { useState } from 'react';
  6 |

Import trace:
  Server Component:
    ./apps/docs/components/previews/input.tsx
    ./apps/docs/components/previews/index.ts
    ./apps/docs/components/component-page.tsx
    ./apps/docs/app/[lang]/components/[slug]/page.tsx

https://nextjs.org/docs/messages/module-not-found @ http://127.0.0.1:3002/_next/static/chunks/0g7g_next_dist_00mhofs._.js:1945
[ 1064631ms] [LOG] [Fast Refresh] rebuilding @ http://127.0.0.1:3002/_next/static/chunks/0g7g_next_dist_00mhofs._.js:1226
[ 1064826ms] [LOG] [Fast Refresh] rebuilding @ http://127.0.0.1:3002/_next/static/chunks/0g7g_next_dist_00mhofs._.js:1226
[ 1065086ms] [LOG] [Fast Refresh] done in 111ms @ http://127.0.0.1:3002/_next/static/chunks/0g7g_next_dist_00mhofs._.js:1226
[ 1065456ms] [INFO] %cDownload the React DevTools for a better development experience: https://react.dev/link/react-devtools font-weight:bold @ http://127.0.0.1:3002/_next/static/chunks/0g7g_next_dist_0sw6wv_._.js:2477
[ 1065471ms] [LOG] [HMR] connected @ http://127.0.0.1:3002/_next/static/chunks/0g7g_next_dist_0sw6wv_._.js:2477
[ 1065499ms] [ERROR] In HTML, %s cannot be a descendant of <%s>.
This will cause a hydration error.%s <p> p 

  ...
    <RenderFromTemplateContext>
      <ScrollAndMaybeFocusHandler cacheNode={{rsc:{...}, ...}}>
        <InnerScrollAndFocusHandlerOld focusAndScrollRef={{scrollRef:null, ...}} cacheNode={{rsc:{...}, ...}}>
          <ErrorBoundary errorComponent={undefined} errorStyles={undefined} errorScripts={undefined}>
            <LoadingBoundary name="pt-BR/" loading={null}>
              <HTTPAccessFallbackBoundary notFound={undefined} forbidden={undefined} unauthorized={undefined}>
                <RedirectBoundary>
                  <RedirectErrorBoundary router={{...}}>
                    <InnerLayoutRouter url="/pt-BR" tree={[...]} params={{lang:"pt-BR"}} cacheNode={{rsc:{...}, ...}} ...>
                      <SegmentViewNode type="page" pagePath="[lang]/pag...">
                        <SegmentTrieNode>
                        <DocsIndex>
                          <DocumentContent>
                            <MDXContent>
                              <div className="lw-hero">
                                <h1>
>                               <p className="lw-hero__sub">
>                                 <p>
                                ...
                              ...
                      ...
                    ...
          ...
 @ http://127.0.0.1:3002/_next/static/chunks/0g7g_next_dist_0sw6wv_._.js:3318
[ 1065505ms] [ERROR] Encountered a script tag while rendering React component. Scripts inside React components are never executed when rendering on the client. Consider using template tag instead (https://developer.mozilla.org/en-US/docs/Web/HTML/Element/template). @ http://127.0.0.1:3002/_next/static/chunks/0g7g_next_dist_0sw6wv_._.js:3318
[ 1065516ms] Error: Hydration failed because the server rendered HTML didn't match the client. As a result this tree will be regenerated on the client. This can happen if a SSR-ed Client Component used:

- A server/client branch `if (typeof window !== 'undefined')`.
- Variable input such as `Date.now()` or `Math.random()` which changes each time it's called.
- Date formatting in a user's locale which doesn't match the server.
- External changing data without sending a snapshot of it along with the HTML.
- Invalid HTML tag nesting.

It can also happen if the client has a browser extension installed which messes with the HTML before React loaded.

https://react.dev/link/hydration-mismatch
    at throwOnHydrationMismatch (http://127.0.0.1:3002/_next/static/chunks/0g7g_next_dist_compiled_react-dom_0spqnnm._.js:3318:56)
    at beginWork (http://127.0.0.1:3002/_next/static/chunks/0g7g_next_dist_compiled_react-dom_0spqnnm._.js:6758:918)
    at runWithFiberInDEV (http://127.0.0.1:3002/_next/static/chunks/0g7g_next_dist_compiled_react-dom_0spqnnm._.js:965:74)
    at performUnitOfWork (http://127.0.0.1:3002/_next/static/chunks/0g7g_next_dist_compiled_react-dom_0spqnnm._.js:9555:97)
    at workLoopConcurrentByScheduler (http://127.0.0.1:3002/_next/static/chunks/0g7g_next_dist_compiled_react-dom_0spqnnm._.js:9551:58)
    at renderRootConcurrent (http://127.0.0.1:3002/_next/static/chunks/0g7g_next_dist_compiled_react-dom_0spqnnm._.js:9534:71)
    at performWorkOnRoot (http://127.0.0.1:3002/_next/static/chunks/0g7g_next_dist_compiled_react-dom_0spqnnm._.js:9061:150)
    at performWorkOnRootViaSchedulerTask (http://127.0.0.1:3002/_next/static/chunks/0g7g_next_dist_compiled_react-dom_0spqnnm._.js:10255:9)
    at MessagePort.performWorkUntilDeadline (http://127.0.0.1:3002/_next/static/chunks/0g7g_next_dist_compiled_17u-b__._.js:2647:64)
[ 1249187ms] [LOG] [Fast Refresh] rebuilding @ http://127.0.0.1:3002/_next/static/chunks/0g7g_next_dist_0sw6wv_._.js:2477
[ 1249205ms] [LOG] [Fast Refresh] done in 118ms @ http://127.0.0.1:3002/_next/static/chunks/0g7g_next_dist_0sw6wv_._.js:2477
[ 1308884ms] [LOG] [Fast Refresh] rebuilding @ http://127.0.0.1:3002/_next/static/chunks/0g7g_next_dist_0sw6wv_._.js:2477
[ 1308890ms] ReferenceError: lang is not defined
    at Pre (http://127.0.0.1:3002/_next/static/chunks/apps_docs_components_pre_tsx_04-moq5._.js?id=%255Bproject%255D%252Fapps%252Fdocs%252Fcomponents%252Fpre.tsx+%255Bapp-client%255D+%2528ecmascript%2529:38:35)
    at Object.react_stack_bottom_frame (http://127.0.0.1:3002/_next/static/chunks/0g7g_next_dist_compiled_react-dom_0spqnnm._.js:15037:24)
    at renderWithHooks (http://127.0.0.1:3002/_next/static/chunks/0g7g_next_dist_compiled_react-dom_0spqnnm._.js:4620:24)
    at updateFunctionComponent (http://127.0.0.1:3002/_next/static/chunks/0g7g_next_dist_compiled_react-dom_0spqnnm._.js:6081:21)
    at beginWork (http://127.0.0.1:3002/_next/static/chunks/0g7g_next_dist_compiled_react-dom_0spqnnm._.js:6691:24)
    at runWithFiberInDEV (http://127.0.0.1:3002/_next/static/chunks/0g7g_next_dist_compiled_react-dom_0spqnnm._.js:965:74)
    at performUnitOfWork (http://127.0.0.1:3002/_next/static/chunks/0g7g_next_dist_compiled_react-dom_0spqnnm._.js:9555:97)
    at workLoopSync (http://127.0.0.1:3002/_next/static/chunks/0g7g_next_dist_compiled_react-dom_0spqnnm._.js:9449:40)
    at renderRootSync (http://127.0.0.1:3002/_next/static/chunks/0g7g_next_dist_compiled_react-dom_0spqnnm._.js:9433:13)
    at performWorkOnRoot (http://127.0.0.1:3002/_next/static/chunks/0g7g_next_dist_compiled_react-dom_0spqnnm._.js:9098:47)
    at performSyncWorkOnRoot (http://127.0.0.1:3002/_next/static/chunks/0g7g_next_dist_compiled_react-dom_0spqnnm._.js:10263:9)
    at flushSyncWorkAcrossRoots_impl (http://127.0.0.1:3002/_next/static/chunks/0g7g_next_dist_compiled_react-dom_0spqnnm._.js:10179:316)
    at flushSyncWork$1 (http://127.0.0.1:3002/_next/static/chunks/0g7g_next_dist_compiled_react-dom_0spqnnm._.js:9230:86)
    at Object.scheduleRefresh (http://127.0.0.1:3002/_next/static/chunks/0g7g_next_dist_compiled_react-dom_0spqnnm._.js:299:13)
    at http://127.0.0.1:3002/_next/static/chunks/0g7g_next_dist_compiled_17u-b__._.js:391:33
    at Set.forEach (<anonymous>)
    at Object.performReactRefresh (http://127.0.0.1:3002/_next/static/chunks/0g7g_next_dist_compiled_17u-b__._.js:384:38)
    at applyUpdate (http://127.0.0.1:3002/_next/static/chunks/0g7g_next_dist_compiled_17u-b__._.js:878:31)
    at http://127.0.0.1:3002/_next/static/chunks/0g7g_next_dist_compiled_17u-b__._.js:886:13
[ 1308935ms] [LOG] [Fast Refresh] done in 12ms @ http://127.0.0.1:3002/_next/static/chunks/0g7g_next_dist_0sw6wv_._.js:2477
[ 1311326ms] [LOG] [Fast Refresh] rebuilding @ http://127.0.0.1:3002/_next/static/chunks/0g7g_next_dist_0sw6wv_._.js:2477
[ 1311326ms] [WARNING] [Fast Refresh] performing full reload because your application had an unrecoverable error @ http://127.0.0.1:3002/_next/static/chunks/0g7g_next_dist_0sw6wv_._.js:2477
[ 1311454ms] [LOG] [Fast Refresh] done in 36ms @ http://127.0.0.1:3002/_next/static/chunks/0g7g_next_dist_0sw6wv_._.js:2477
[ 1311544ms] [INFO] %cDownload the React DevTools for a better development experience: https://react.dev/link/react-devtools font-weight:bold @ http://127.0.0.1:3002/_next/static/chunks/0g7g_next_dist_0sw6wv_._.js:2477
[ 1311563ms] [LOG] [HMR] connected @ http://127.0.0.1:3002/_next/static/chunks/0g7g_next_dist_0sw6wv_._.js:2477
[ 1311600ms] [ERROR] In HTML, %s cannot be a descendant of <%s>.
This will cause a hydration error.%s <p> p 

  ...
    <RenderFromTemplateContext>
      <ScrollAndMaybeFocusHandler cacheNode={{rsc:{...}, ...}}>
        <InnerScrollAndFocusHandlerOld focusAndScrollRef={{scrollRef:null, ...}} cacheNode={{rsc:{...}, ...}}>
          <ErrorBoundary errorComponent={undefined} errorStyles={undefined} errorScripts={undefined}>
            <LoadingBoundary name="pt-BR/" loading={null}>
              <HTTPAccessFallbackBoundary notFound={undefined} forbidden={undefined} unauthorized={undefined}>
                <RedirectBoundary>
                  <RedirectErrorBoundary router={{...}}>
                    <InnerLayoutRouter url="/pt-BR" tree={[...]} params={{lang:"pt-BR"}} cacheNode={{rsc:{...}, ...}} ...>
                      <SegmentViewNode type="page" pagePath="[lang]/pag...">
                        <SegmentTrieNode>
                        <DocsIndex>
                          <DocumentContent>
                            <MDXContent>
                              <div className="lw-hero">
                                <h1>
>                               <p className="lw-hero__sub">
>                                 <p>
                                ...
                              ...
                      ...
                    ...
          ...
 @ http://127.0.0.1:3002/_next/static/chunks/0g7g_next_dist_0sw6wv_._.js:3318
[ 1311606ms] [ERROR] Encountered a script tag while rendering React component. Scripts inside React components are never executed when rendering on the client. Consider using template tag instead (https://developer.mozilla.org/en-US/docs/Web/HTML/Element/template). @ http://127.0.0.1:3002/_next/static/chunks/0g7g_next_dist_0sw6wv_._.js:3318
[ 1311616ms] Error: Hydration failed because the server rendered HTML didn't match the client. As a result this tree will be regenerated on the client. This can happen if a SSR-ed Client Component used:

- A server/client branch `if (typeof window !== 'undefined')`.
- Variable input such as `Date.now()` or `Math.random()` which changes each time it's called.
- Date formatting in a user's locale which doesn't match the server.
- External changing data without sending a snapshot of it along with the HTML.
- Invalid HTML tag nesting.

It can also happen if the client has a browser extension installed which messes with the HTML before React loaded.

https://react.dev/link/hydration-mismatch
    at throwOnHydrationMismatch (http://127.0.0.1:3002/_next/static/chunks/0g7g_next_dist_compiled_react-dom_0spqnnm._.js:3318:56)
    at beginWork (http://127.0.0.1:3002/_next/static/chunks/0g7g_next_dist_compiled_react-dom_0spqnnm._.js:6758:918)
    at runWithFiberInDEV (http://127.0.0.1:3002/_next/static/chunks/0g7g_next_dist_compiled_react-dom_0spqnnm._.js:965:74)
    at performUnitOfWork (http://127.0.0.1:3002/_next/static/chunks/0g7g_next_dist_compiled_react-dom_0spqnnm._.js:9555:97)
    at workLoopConcurrentByScheduler (http://127.0.0.1:3002/_next/static/chunks/0g7g_next_dist_compiled_react-dom_0spqnnm._.js:9551:58)
    at renderRootConcurrent (http://127.0.0.1:3002/_next/static/chunks/0g7g_next_dist_compiled_react-dom_0spqnnm._.js:9534:71)
    at performWorkOnRoot (http://127.0.0.1:3002/_next/static/chunks/0g7g_next_dist_compiled_react-dom_0spqnnm._.js:9061:150)
    at performWorkOnRootViaSchedulerTask (http://127.0.0.1:3002/_next/static/chunks/0g7g_next_dist_compiled_react-dom_0spqnnm._.js:10255:9)
    at MessagePort.performWorkUntilDeadline (http://127.0.0.1:3002/_next/static/chunks/0g7g_next_dist_compiled_17u-b__._.js:2647:64)
[ 1317568ms] [LOG] [Fast Refresh] rebuilding @ http://127.0.0.1:3002/_next/static/chunks/0g7g_next_dist_0sw6wv_._.js:2477
[ 1317598ms] [LOG] [Fast Refresh] done in 10ms @ http://127.0.0.1:3002/_next/static/chunks/0g7g_next_dist_0sw6wv_._.js:2477
[ 1340314ms] [ERROR] WebSocket connection to 'ws://127.0.0.1:3002/_next/webpack-hmr?id=_Z72VltyqCVI_KQyQOnl8' failed: Error in connection establishment: net::ERR_CONNECTION_REFUSED @ http://127.0.0.1:3002/_next/static/chunks/0g7g_next_dist_client_1ehwvx3._.js:13422
[ 1341315ms] [ERROR] WebSocket connection to 'ws://127.0.0.1:3002/_next/webpack-hmr?id=_Z72VltyqCVI_KQyQOnl8' failed: Error in connection establishment: net::ERR_CONNECTION_REFUSED @ http://127.0.0.1:3002/_next/static/chunks/0g7g_next_dist_client_1ehwvx3._.js:13422
[ 1342316ms] [ERROR] WebSocket connection to 'ws://127.0.0.1:3002/_next/webpack-hmr?id=_Z72VltyqCVI_KQyQOnl8' failed: Error in connection establishment: net::ERR_CONNECTION_REFUSED @ http://127.0.0.1:3002/_next/static/chunks/0g7g_next_dist_client_1ehwvx3._.js:13422
[ 1343317ms] [ERROR] WebSocket connection to 'ws://127.0.0.1:3002/_next/webpack-hmr?id=_Z72VltyqCVI_KQyQOnl8' failed: Error in connection establishment: net::ERR_CONNECTION_REFUSED @ http://127.0.0.1:3002/_next/static/chunks/0g7g_next_dist_client_1ehwvx3._.js:13422
[ 1344318ms] [ERROR] WebSocket connection to 'ws://127.0.0.1:3002/_next/webpack-hmr?id=_Z72VltyqCVI_KQyQOnl8' failed: Error in connection establishment: net::ERR_CONNECTION_REFUSED @ http://127.0.0.1:3002/_next/static/chunks/0g7g_next_dist_client_1ehwvx3._.js:13422
[ 1349319ms] [ERROR] WebSocket connection to 'ws://127.0.0.1:3002/_next/webpack-hmr?id=_Z72VltyqCVI_KQyQOnl8' failed: Error in connection establishment: net::ERR_CONNECTION_REFUSED @ http://127.0.0.1:3002/_next/static/chunks/0g7g_next_dist_client_1ehwvx3._.js:13422
[ 1354321ms] [ERROR] WebSocket connection to 'ws://127.0.0.1:3002/_next/webpack-hmr?id=_Z72VltyqCVI_KQyQOnl8' failed: Error in connection establishment: net::ERR_CONNECTION_REFUSED @ http://127.0.0.1:3002/_next/static/chunks/0g7g_next_dist_client_1ehwvx3._.js:13422
[ 1359323ms] [ERROR] WebSocket connection to 'ws://127.0.0.1:3002/_next/webpack-hmr?id=_Z72VltyqCVI_KQyQOnl8' failed: Error in connection establishment: net::ERR_CONNECTION_REFUSED @ http://127.0.0.1:3002/_next/static/chunks/0g7g_next_dist_client_1ehwvx3._.js:13422
[ 1364325ms] [ERROR] WebSocket connection to 'ws://127.0.0.1:3002/_next/webpack-hmr?id=_Z72VltyqCVI_KQyQOnl8' failed: Error in connection establishment: net::ERR_CONNECTION_REFUSED @ http://127.0.0.1:3002/_next/static/chunks/0g7g_next_dist_client_1ehwvx3._.js:13422
[ 1369326ms] [ERROR] WebSocket connection to 'ws://127.0.0.1:3002/_next/webpack-hmr?id=_Z72VltyqCVI_KQyQOnl8' failed: Error in connection establishment: net::ERR_CONNECTION_REFUSED @ http://127.0.0.1:3002/_next/static/chunks/0g7g_next_dist_client_1ehwvx3._.js:13422
[ 1374334ms] [LOG] [HMR] connected @ http://127.0.0.1:3002/_next/static/chunks/0g7g_next_dist_0sw6wv_._.js:2477
[ 1374983ms] [INFO] %cDownload the React DevTools for a better development experience: https://react.dev/link/react-devtools font-weight:bold @ http://127.0.0.1:3002/_next/static/chunks/0g7g_next_dist_0sw6wv_._.js:2477
[ 1375004ms] [LOG] [HMR] connected @ http://127.0.0.1:3002/_next/static/chunks/0g7g_next_dist_0sw6wv_._.js:2477
[ 1375042ms] [ERROR] In HTML, %s cannot be a descendant of <%s>.
This will cause a hydration error.%s <p> p 

  ...
    <RenderFromTemplateContext>
      <ScrollAndMaybeFocusHandler cacheNode={{rsc:{...}, ...}}>
        <InnerScrollAndFocusHandlerOld focusAndScrollRef={{scrollRef:null, ...}} cacheNode={{rsc:{...}, ...}}>
          <ErrorBoundary errorComponent={undefined} errorStyles={undefined} errorScripts={undefined}>
            <LoadingBoundary name="pt-BR/" loading={null}>
              <HTTPAccessFallbackBoundary notFound={undefined} forbidden={undefined} unauthorized={undefined}>
                <RedirectBoundary>
                  <RedirectErrorBoundary router={{...}}>
                    <InnerLayoutRouter url="/pt-BR" tree={[...]} params={{lang:"pt-BR"}} cacheNode={{rsc:{...}, ...}} ...>
                      <SegmentViewNode type="page" pagePath="[lang]/pag...">
                        <SegmentTrieNode>
                        <DocsIndex>
                          <DocumentContent>
                            <MDXContent>
                              <div className="lw-hero">
                                <h1>
>                               <p className="lw-hero__sub">
>                                 <p>
                                ...
                              ...
                      ...
                    ...
          ...
 @ http://127.0.0.1:3002/_next/static/chunks/0g7g_next_dist_0sw6wv_._.js:3318
[ 1375049ms] [ERROR] Encountered a script tag while rendering React component. Scripts inside React components are never executed when rendering on the client. Consider using template tag instead (https://developer.mozilla.org/en-US/docs/Web/HTML/Element/template). @ http://127.0.0.1:3002/_next/static/chunks/0g7g_next_dist_0sw6wv_._.js:3318
[ 1375059ms] Error: Hydration failed because the server rendered HTML didn't match the client. As a result this tree will be regenerated on the client. This can happen if a SSR-ed Client Component used:

- A server/client branch `if (typeof window !== 'undefined')`.
- Variable input such as `Date.now()` or `Math.random()` which changes each time it's called.
- Date formatting in a user's locale which doesn't match the server.
- External changing data without sending a snapshot of it along with the HTML.
- Invalid HTML tag nesting.

It can also happen if the client has a browser extension installed which messes with the HTML before React loaded.

https://react.dev/link/hydration-mismatch
    at throwOnHydrationMismatch (http://127.0.0.1:3002/_next/static/chunks/0g7g_next_dist_compiled_react-dom_0spqnnm._.js:3318:56)
    at beginWork (http://127.0.0.1:3002/_next/static/chunks/0g7g_next_dist_compiled_react-dom_0spqnnm._.js:6758:918)
    at runWithFiberInDEV (http://127.0.0.1:3002/_next/static/chunks/0g7g_next_dist_compiled_react-dom_0spqnnm._.js:965:74)
    at performUnitOfWork (http://127.0.0.1:3002/_next/static/chunks/0g7g_next_dist_compiled_react-dom_0spqnnm._.js:9555:97)
    at workLoopConcurrentByScheduler (http://127.0.0.1:3002/_next/static/chunks/0g7g_next_dist_compiled_react-dom_0spqnnm._.js:9551:58)
    at renderRootConcurrent (http://127.0.0.1:3002/_next/static/chunks/0g7g_next_dist_compiled_react-dom_0spqnnm._.js:9534:71)
    at performWorkOnRoot (http://127.0.0.1:3002/_next/static/chunks/0g7g_next_dist_compiled_react-dom_0spqnnm._.js:9061:150)
    at performWorkOnRootViaSchedulerTask (http://127.0.0.1:3002/_next/static/chunks/0g7g_next_dist_compiled_react-dom_0spqnnm._.js:10255:9)
    at MessagePort.performWorkUntilDeadline (http://127.0.0.1:3002/_next/static/chunks/0g7g_next_dist_compiled_17u-b__._.js:2647:64)
[ 1430404ms] [ERROR] WebSocket connection to 'ws://127.0.0.1:3002/_next/webpack-hmr?id=C-f160i9kfKOwzXRpLHbu' failed: Error in connection establishment: net::ERR_CONNECTION_REFUSED @ http://127.0.0.1:3002/_next/static/chunks/0g7g_next_dist_client_1ehwvx3._.js:13422
[ 1431406ms] [ERROR] WebSocket connection to 'ws://127.0.0.1:3002/_next/webpack-hmr?id=C-f160i9kfKOwzXRpLHbu' failed: Error in connection establishment: net::ERR_CONNECTION_REFUSED @ http://127.0.0.1:3002/_next/static/chunks/0g7g_next_dist_client_1ehwvx3._.js:13422
[ 1432408ms] [ERROR] WebSocket connection to 'ws://127.0.0.1:3002/_next/webpack-hmr?id=C-f160i9kfKOwzXRpLHbu' failed: Error in connection establishment: net::ERR_CONNECTION_REFUSED @ http://127.0.0.1:3002/_next/static/chunks/0g7g_next_dist_client_1ehwvx3._.js:13422
[ 1433409ms] [ERROR] WebSocket connection to 'ws://127.0.0.1:3002/_next/webpack-hmr?id=C-f160i9kfKOwzXRpLHbu' failed: Error in connection establishment: net::ERR_CONNECTION_REFUSED @ http://127.0.0.1:3002/_next/static/chunks/0g7g_next_dist_client_1ehwvx3._.js:13422
[ 1434411ms] [ERROR] WebSocket connection to 'ws://127.0.0.1:3002/_next/webpack-hmr?id=C-f160i9kfKOwzXRpLHbu' failed: Error in connection establishment: net::ERR_CONNECTION_REFUSED @ http://127.0.0.1:3002/_next/static/chunks/0g7g_next_dist_client_1ehwvx3._.js:13422
[ 1439413ms] [ERROR] WebSocket connection to 'ws://127.0.0.1:3002/_next/webpack-hmr?id=C-f160i9kfKOwzXRpLHbu' failed: Error in connection establishment: net::ERR_CONNECTION_REFUSED @ http://127.0.0.1:3002/_next/static/chunks/0g7g_next_dist_client_1ehwvx3._.js:13422
[ 1444416ms] [ERROR] WebSocket connection to 'ws://127.0.0.1:3002/_next/webpack-hmr?id=C-f160i9kfKOwzXRpLHbu' failed: Error in connection establishment: net::ERR_CONNECTION_REFUSED @ http://127.0.0.1:3002/_next/static/chunks/0g7g_next_dist_client_1ehwvx3._.js:13422
[ 1449419ms] [ERROR] WebSocket connection to 'ws://127.0.0.1:3002/_next/webpack-hmr?id=C-f160i9kfKOwzXRpLHbu' failed: Error in connection establishment: net::ERR_CONNECTION_REFUSED @ http://127.0.0.1:3002/_next/static/chunks/0g7g_next_dist_client_1ehwvx3._.js:13422
